Component: ARM Compiler 5.06 update 7 (build 960) Tool: armlink [4d3601]

==============================================================================

Section Cross References

    startup_stm32l431xx.o(STACK) refers (Special) to heapauxi.o(.text) for __use_two_region_memory
    startup_stm32l431xx.o(HEAP) refers (Special) to heapauxi.o(.text) for __use_two_region_memory
    startup_stm32l431xx.o(RESET) refers (Special) to heapauxi.o(.text) for __use_two_region_memory
    startup_stm32l431xx.o(RESET) refers to startup_stm32l431xx.o(STACK) for __initial_sp
    startup_stm32l431xx.o(RESET) refers to startup_stm32l431xx.o(.text) for Reset_Handler
    startup_stm32l431xx.o(RESET) refers to stm32l4xx_it.o(i.NMI_Handler) for NMI_Handler
    startup_stm32l431xx.o(RESET) refers to stm32l4xx_it.o(i.HardFault_Handler) for HardFault_Handler
    startup_stm32l431xx.o(RESET) refers to stm32l4xx_it.o(i.MemManage_Handler) for MemManage_Handler
    startup_stm32l431xx.o(RESET) refers to stm32l4xx_it.o(i.BusFault_Handler) for BusFault_Handler
    startup_stm32l431xx.o(RESET) refers to stm32l4xx_it.o(i.UsageFault_Handler) for UsageFault_Handler
    startup_stm32l431xx.o(RESET) refers to stm32l4xx_it.o(i.SVC_Handler) for SVC_Handler
    startup_stm32l431xx.o(RESET) refers to stm32l4xx_it.o(i.DebugMon_Handler) for DebugMon_Handler
    startup_stm32l431xx.o(RESET) refers to stm32l4xx_it.o(i.PendSV_Handler) for PendSV_Handler
    startup_stm32l431xx.o(RESET) refers to stm32l4xx_it.o(i.SysTick_Handler) for SysTick_Handler
    startup_stm32l431xx.o(RESET) refers to stm32l4xx_it.o(i.RTC_WKUP_IRQHandler) for RTC_WKUP_IRQHandler
    startup_stm32l431xx.o(RESET) refers to stm32l4xx_it.o(i.EXTI15_10_IRQHandler) for EXTI15_10_IRQHandler
    startup_stm32l431xx.o(.text) refers (Special) to heapauxi.o(.text) for __use_two_region_memory
    startup_stm32l431xx.o(.text) refers to system_stm32l4xx.o(i.SystemInit) for SystemInit
    startup_stm32l431xx.o(.text) refers to __main.o(!!!main) for __main
    startup_stm32l431xx.o(.text) refers to startup_stm32l431xx.o(HEAP) for Heap_Mem
    startup_stm32l431xx.o(.text) refers to startup_stm32l431xx.o(STACK) for Stack_Mem
    main.o(i.MX_GPIO_Init1) refers to rt_memclr_w.o(.text) for __aeabi_memclr4
    main.o(i.MX_GPIO_Init1) refers to stm32l4xx_hal_gpio.o(i.HAL_GPIO_Init) for HAL_GPIO_Init
    main.o(i.SystemClock_Config) refers to rt_memclr_w.o(.text) for __aeabi_memclr4
    main.o(i.SystemClock_Config) refers to stm32l4xx_hal_pwr_ex.o(i.HAL_PWREx_ControlVoltageScaling) for HAL_PWREx_ControlVoltageScaling
    main.o(i.SystemClock_Config) refers to stm32l4xx_hal_rcc.o(i.HAL_RCC_OscConfig) for HAL_RCC_OscConfig
    main.o(i.SystemClock_Config) refers to stm32l4xx_hal_rcc.o(i.HAL_RCC_ClockConfig) for HAL_RCC_ClockConfig
    main.o(i.enter_sleep) refers to stm32l4xx_hal.o(i.HAL_SuspendTick) for HAL_SuspendTick
    main.o(i.enter_sleep) refers to stm32l4xx_hal_pwr.o(i.HAL_PWR_EnterSLEEPMode) for HAL_PWR_EnterSLEEPMode
    main.o(i.enter_stop) refers to stm32l4xx_hal_pwr.o(i.HAL_PWR_EnterSTOPMode) for HAL_PWR_EnterSTOPMode
    main.o(i.exit_stop) refers to stm32l4xx_hal.o(i.HAL_Init) for HAL_Init
    main.o(i.exit_stop) refers to main.o(i.SystemClock_Config) for SystemClock_Config
    main.o(i.exit_stop) refers to gpio.o(i.MX_GPIO_Init) for MX_GPIO_Init
    main.o(i.exit_stop) refers to rtc.o(i.MX_RTC_Init) for MX_RTC_Init
    main.o(i.exit_stop) refers to i2c.o(i.MX_I2C1_Init) for MX_I2C1_Init
    main.o(i.exit_stop) refers to tim.o(i.MX_TIM1_Init) for MX_TIM1_Init
    main.o(i.exit_stop) refers to stm32l4xx_hal_gpio.o(i.HAL_GPIO_WritePin) for HAL_GPIO_WritePin
    main.o(i.exit_stop) refers to aht10.o(i.AHT10_Init) for AHT10_Init
    main.o(i.exit_stop) refers to bmp280.o(i.bmp280Init) for bmp280Init
    main.o(i.exit_stop) refers to lcd.o(i.LcdInit) for LcdInit
    main.o(i.exit_stop) refers to lcd.o(i.LcdClearScreen) for LcdClearScreen
    main.o(i.exit_stop) refers to lcd.o(i.LcdDispBK) for LcdDispBK
    main.o(i.exit_stop) refers to stm32l4xx_hal_tim_ex.o(i.HAL_TIMEx_PWMN_Start) for HAL_TIMEx_PWMN_Start
    main.o(i.exit_stop) refers to tim.o(.bss) for htim1
    main.o(i.main) refers to _printf_percent.o(.ARM.Collect$$_printf_percent$$00000000) for _printf_percent
    main.o(i.main) refers to _printf_f.o(.ARM.Collect$$_printf_percent$$00000003) for _printf_f
    main.o(i.main) refers to printf1.o(x$fpl$printf1) for _printf_fp_dec
    main.o(i.main) refers to stm32l4xx_hal.o(i.HAL_Init) for HAL_Init
    main.o(i.main) refers to main.o(i.SystemClock_Config) for SystemClock_Config
    main.o(i.main) refers to gpio.o(i.MX_GPIO_Init) for MX_GPIO_Init
    main.o(i.main) refers to rtc.o(i.MX_RTC_Init) for MX_RTC_Init
    main.o(i.main) refers to i2c.o(i.MX_I2C1_Init) for MX_I2C1_Init
    main.o(i.main) refers to tim.o(i.MX_TIM1_Init) for MX_TIM1_Init
    main.o(i.main) refers to stm32l4xx_hal_gpio.o(i.HAL_GPIO_WritePin) for HAL_GPIO_WritePin
[...]
    i.I2C_WaitOnFlagUntilTimeout             0x0800340c   Section        0  stm32l4xx_hal_i2c.o(i.I2C_WaitOnFlagUntilTimeout)
    I2C_WaitOnFlagUntilTimeout               0x0800340d   Thumb Code    88  stm32l4xx_hal_i2c.o(i.I2C_WaitOnFlagUntilTimeout)
    i.I2C_WaitOnRXNEFlagUntilTimeout         0x08003464   Section        0  stm32l4xx_hal_i2c.o(i.I2C_WaitOnRXNEFlagUntilTimeout)
    I2C_WaitOnRXNEFlagUntilTimeout           0x08003465   Thumb Code   150  stm32l4xx_hal_i2c.o(i.I2C_WaitOnRXNEFlagUntilTimeout)
    i.I2C_WaitOnSTOPFlagUntilTimeout         0x08003500   Section        0  stm32l4xx_hal_i2c.o(i.I2C_WaitOnSTOPFlagUntilTimeout)
    I2C_WaitOnSTOPFlagUntilTimeout           0x08003501   Thumb Code    76  stm32l4xx_hal_i2c.o(i.I2C_WaitOnSTOPFlagUntilTimeout)
    i.I2C_WaitOnTXISFlagUntilTimeout         0x0800354c   Section        0  stm32l4xx_hal_i2c.o(i.I2C_WaitOnTXISFlagUntilTimeout)
    I2C_WaitOnTXISFlagUntilTimeout           0x0800354d   Thumb Code    80  stm32l4xx_hal_i2c.o(i.I2C_WaitOnTXISFlagUntilTimeout)
    i.LcdAddress                             0x0800359c   Section        0  lcd.o(i.LcdAddress)
    i.LcdClearScreen                         0x080035c4   Section        0  lcd.o(i.LcdClearScreen)
    i.LcdDispBK                              0x080035ec   Section        0  lcd.o(i.LcdDispBK)
    i.LcdDispStr8x16                         0x08003658   Section        0  lcd.o(i.LcdDispStr8x16)
    i.LcdInit                                0x080036ee   Section        0  lcd.o(i.LcdInit)
    i.LcdWrite                               0x080037a4   Section        0  lcd.o(i.LcdWrite)
    i.MX_GPIO_Init                           0x0800381c   Section        0  gpio.o(i.MX_GPIO_Init)
    i.MX_I2C1_Init                           0x08003968   Section        0  i2c.o(i.MX_I2C1_Init)
    i.MX_RTC_Init                            0x080039c0   Section        0  rtc.o(i.MX_RTC_Init)
    i.MX_TIM1_Init                           0x08003a08   Section        0  tim.o(i.MX_TIM1_Init)
    i.MemManage_Handler                      0x08003ae0   Section        0  stm32l4xx_it.o(i.MemManage_Handler)
    i.NMI_Handler                            0x08003ae2   Section        0  stm32l4xx_it.o(i.NMI_Handler)
    i.PendSV_Handler                         0x08003ae4   Section        0  stm32l4xx_it.o(i.PendSV_Handler)
    i.RCCEx_PLLSAI1_Config                   0x08003ae8   Section        0  stm32l4xx_hal_rcc_ex.o(i.RCCEx_PLLSAI1_Config)
    RCCEx_PLLSAI1_Config                     0x08003ae9   Thumb Code   278  stm32l4xx_hal_rcc_ex.o(i.RCCEx_PLLSAI1_Config)
    i.RCC_SetFlashLatencyFromMSIRange        0x08003c14   Section        0  stm32l4xx_hal_rcc.o(i.RCC_SetFlashLatencyFromMSIRange)
    RCC_SetFlashLatencyFromMSIRange          0x08003c15   Thumb Code   116  stm32l4xx_hal_rcc.o(i.RCC_SetFlashLatencyFromMSIRange)
    i.RTC_EnterInitMode                      0x08003c90   Section        0  stm32l4xx_hal_rtc.o(i.RTC_EnterInitMode)
    i.RTC_ExitInitMode                       0x08003cd8   Section        0  stm32l4xx_hal_rtc.o(i.RTC_ExitInitMode)
    i.RTC_WKUP_IRQHandler                    0x08003d30   Section        0  stm32l4xx_it.o(i.RTC_WKUP_IRQHandler)
    i.SDA_IN                                 0x08003d3c   Section        0  bmp280.o(i.SDA_IN)
    i.SDA_OUT                                0x08003d64   Section        0  bmp280.o(i.SDA_OUT)
    i.SVC_Handler                            0x08003d90   Section        0  stm32l4xx_it.o(i.SVC_Handler)
    i.SysTick_Handler                        0x08003d92   Section        0  stm32l4xx_it.o(i.SysTick_Handler)
    i.SystemClock_Config                     0x08003d96   Section        0  main.o(i.SystemClock_Config)
    i.SystemInit                             0x08003df8   Section        0  system_stm32l4xx.o(i.SystemInit)
    i.TIM_Base_SetConfig                     0x08003e08   Section        0  stm32l4xx_hal_tim.o(i.TIM_Base_SetConfig)
    i.TIM_CCxNChannelCmd                     0x08003e74   Section        0  stm32l4xx_hal_tim_ex.o(i.TIM_CCxNChannelCmd)
    TIM_CCxNChannelCmd                       0x08003e75   Thumb Code    26  stm32l4xx_hal_tim_ex.o(i.TIM_CCxNChannelCmd)
    i.TIM_ETR_SetConfig                      0x08003e8e   Section        0  stm32l4xx_hal_tim.o(i.TIM_ETR_SetConfig)
    i.TIM_ITRx_SetConfig                     0x08003ea2   Section        0  stm32l4xx_hal_tim.o(i.TIM_ITRx_SetConfig)
    TIM_ITRx_SetConfig                       0x08003ea3   Thumb Code    16  stm32l4xx_hal_tim.o(i.TIM_ITRx_SetConfig)
    i.TIM_OC1_SetConfig                      0x08003eb4   Section        0  stm32l4xx_hal_tim.o(i.TIM_OC1_SetConfig)
    TIM_OC1_SetConfig                        0x08003eb5   Thumb Code   104  stm32l4xx_hal_tim.o(i.TIM_OC1_SetConfig)
    i.TIM_OC2_SetConfig                      0x08003f2c   Section        0  stm32l4xx_hal_tim.o(i.TIM_OC2_SetConfig)
    i.TIM_OC3_SetConfig                      0x08003fa4   Section        0  stm32l4xx_hal_tim.o(i.TIM_OC3_SetConfig)
    TIM_OC3_SetConfig                        0x08003fa5   Thumb Code   100  stm32l4xx_hal_tim.o(i.TIM_OC3_SetConfig)
    i.TIM_OC4_SetConfig                      0x08004018   Section        0  stm32l4xx_hal_tim.o(i.TIM_OC4_SetConfig)
    TIM_OC4_SetConfig                        0x08004019   Thumb Code    80  stm32l4xx_hal_tim.o(i.TIM_OC4_SetConfig)
    i.TIM_OC5_SetConfig                      0x08004078   Section        0  stm32l4xx_hal_tim.o(i.TIM_OC5_SetConfig)
    TIM_OC5_SetConfig                        0x08004079   Thumb Code    74  stm32l4xx_hal_tim.o(i.TIM_OC5_SetConfig)
    i.TIM_OC6_SetConfig                      0x080040d4   Section        0  stm32l4xx_hal_tim.o(i.TIM_OC6_SetConfig)
    TIM_OC6_SetConfig                        0x080040d5   Thumb Code    76  stm32l4xx_hal_tim.o(i.TIM_OC6_SetConfig)
    i.TIM_TI1_ConfigInputStage               0x08004130   Section        0  stm32l4xx_hal_tim.o(i.TIM_TI1_ConfigInputStage)
    TIM_TI1_ConfigInputStage                 0x08004131   Thumb Code    34  stm32l4xx_hal_tim.o(i.TIM_TI1_ConfigInputStage)
    i.TIM_TI2_ConfigInputStage               0x08004152   Section        0  stm32l4xx_hal_tim.o(i.TIM_TI2_ConfigInputStage)
    TIM_TI2_ConfigInputStage                 0x08004153   Thumb Code    36  stm32l4xx_hal_tim.o(i.TIM_TI2_ConfigInputStage)
    i.UsageFault_Handler                     0x08004176   Section        0  stm32l4xx_it.o(i.UsageFault_Handler)
    i.__ARM_fpclassify                       0x08004178   Section        0  fpclassify.o(i.__ARM_fpclassify)
    i.__NVIC_SetPriority                     0x080041a8   Section        0  stm32l4xx_hal_cortex.o(i.__NVIC_SetPriority)
    __NVIC_SetPriority                       0x080041a9   Thumb Code    32  stm32l4xx_hal_cortex.o(i.__NVIC_SetPriority)
    i.__hardfp_pow                           0x080041c8   Section        0  pow.o(i.__hardfp_pow)
    i.__kernel_poly                          0x08004e48   Section        0  poly.o(i.__kernel_poly)
    i.__mathlib_dbl_divzero                  0x08004f40   Section        0  dunder.o(i.__mathlib_dbl_divzero)
    i.__mathlib_dbl_infnan2                  0x08004f70   Section        0  dunder.o(i.__mathlib_dbl_infnan2)
    i.__mathlib_dbl_invalid                  0x08004f88   Section        0  dunder.o(i.__mathlib_dbl_invalid)
    i.__mathlib_dbl_overflow                 0x08004fa8   Section        0  dunder.o(i.__mathlib_dbl_overflow)
    i.__mathlib_dbl_underflow                0x08004fc8   Section        0  dunder.o(i.__mathlib_dbl_underflow)
    i._is_digit                              0x08004fe8   Section        0  __printf_wp.o(i._is_digit)
    i.bmp280CompensateP                      0x08004ff8   Section        0  bmp280.o(i.bmp280CompensateP)
    bmp280CompensateP                        0x08004ff9   Thumb Code   344  bmp280.o(i.bmp280CompensateP)
    i.bmp280GetData                          0x08005160   Section        0  bmp280.o(i.bmp280GetData)
    i.bmp280Init                             0x080052c4   Section        0  bmp280.o(i.bmp280Init)
    i.delay_ms                               0x0800531c   Section        0  delay.o(i.delay_ms)
    i.delay_us                               0x08005338   Section        0  delay.o(i.delay_us)
    i.enter_stop                             0x0800536c   Section        0  main.o(i.enter_stop)
    i.exit_stop                              0x08005398   Section        0  main.o(i.exit_stop)
    i.fabs                                   0x0800540c   Section        0  fabs.o(i.fabs)
    i.lcd_dis_48_48                          0x08005424   Section        0  lcd.o(i.lcd_dis_48_48)
    i.main                                   0x080054a0   Section        0  main.o(i.main)
    i.presssureFilter                        0x080055a4   Section        0  bmp280.o(i.presssureFilter)
    presssureFilter                          0x080055a5   Thumb Code   176  bmp280.o(i.presssureFilter)
    i.sleep_mode_ON                          0x08005670   Section        0  lcd.o(i.sleep_mode_ON)
    i.sqrt                                   0x08005696   Section        0  sqrt.o(i.sqrt)
    locale$$code                             0x08005704   Section       44  lc_numeric_c.o(locale$$code)
    x$fpl$basic                              0x08005730   Section       24  basic.o(x$fpl$basic)
    $v0                                      0x08005730   Number         0  basic.o(x$fpl$basic)
    x$fpl$d2f                                0x08005748   Section       98  d2f.o(x$fpl$d2f)
    $v0                                      0x08005748   Number         0  d2f.o(x$fpl$d2f)
    x$fpl$dadd                               0x080057ac   Section      336  daddsub_clz.o(x$fpl$dadd)
    $v0                                      0x080057ac   Number         0  daddsub_clz.o(x$fpl$dadd)
    _dadd1                                   0x080057bd   Thumb Code     0  daddsub_clz.o(x$fpl$dadd)
    x$fpl$dcheck1                            0x080058fc   Section       16  dcheck1.o(x$fpl$dcheck1)
    $v0                                      0x080058fc   Number         0  dcheck1.o(x$fpl$dcheck1)
    x$fpl$dcmpinf                            0x0800590c   Section       24  dcmpi.o(x$fpl$dcmpinf)
    $v0                                      0x0800590c   Number         0  dcmpi.o(x$fpl$dcmpinf)
    x$fpl$ddiv                               0x08005924   Section      688  ddiv.o(x$fpl$ddiv)
    $v0                                      0x08005924   Number         0  ddiv.o(x$fpl$ddiv)
    ddiv_entry                               0x0800592b   Thumb Code     0  ddiv.o(x$fpl$ddiv)
    x$fpl$dflt                               0x08005bd4   Section       46  dflt_clz.o(x$fpl$dflt)
    $v0                                      0x08005bd4   Number         0  dflt_clz.o(x$fpl$dflt)
    x$fpl$dfltu                              0x08005c02   Section       38  dflt_clz.o(x$fpl$dfltu)
    $v0                                      0x08005c02   Number         0  dflt_clz.o(x$fpl$dfltu)
    x$fpl$dleqf                              0x08005c28   Section      120  dleqf.o(x$fpl$dleqf)
    $v0                                      0x08005c28   Number         0  dleqf.o(x$fpl$dleqf)
    x$fpl$dmul                               0x08005ca0   Section      340  dmul.o(x$fpl$dmul)
    $v0                                      0x08005ca0   Number         0  dmul.o(x$fpl$dmul)
    x$fpl$dnaninf                            0x08005df4   Section      156  dnaninf.o(x$fpl$dnaninf)
    $v0                                      0x08005df4   Number         0  dnaninf.o(x$fpl$dnaninf)
    x$fpl$dretinf                            0x08005e90   Section       12  dretinf.o(x$fpl$dretinf)
    $v0                                      0x08005e90   Number         0  dretinf.o(x$fpl$dretinf)
    x$fpl$drleqf                             0x08005e9c   Section      108  drleqf.o(x$fpl$drleqf)
    $v0                                      0x08005e9c   Number         0  drleqf.o(x$fpl$drleqf)
    x$fpl$drsb                               0x08005f08   Section       22  daddsub_clz.o(x$fpl$drsb)
    $v0                                      0x08005f08   Number         0  daddsub_clz.o(x$fpl$drsb)
    x$fpl$dsqrt                              0x08005f20   Section      408  dsqrt_umaal.o(x$fpl$dsqrt)
    $v0                                      0x08005f20   Number         0  dsqrt_umaal.o(x$fpl$dsqrt)
    x$fpl$dsub                               0x080060b8   Section      468  daddsub_clz.o(x$fpl$dsub)
    $v0                                      0x080060b8   Number         0  daddsub_clz.o(x$fpl$dsub)
    _dsub1                                   0x080060c9   Thumb Code     0  daddsub_clz.o(x$fpl$dsub)
    x$fpl$f2d                                0x0800628c   Section       86  f2d.o(x$fpl$f2d)
    $v0                                      0x0800628c   Number         0  f2d.o(x$fpl$f2d)
    x$fpl$fnaninf                            0x080062e2   Section      140  fnaninf.o(x$fpl$fnaninf)
    $v0                                      0x080062e2   Number         0  fnaninf.o(x$fpl$fnaninf)
    x$fpl$fpinit                             0x0800636e   Section       10  fpinit.o(x$fpl$fpinit)
    $v0                                      0x0800636e   Number         0  fpinit.o(x$fpl$fpinit)
    x$fpl$fretinf                            0x08006378   Section       10  fretinf.o(x$fpl$fretinf)
    $v0                                      0x08006378   Number         0  fretinf.o(x$fpl$fretinf)
    x$fpl$printf1                            0x08006382   Section        4  printf1.o(x$fpl$printf1)
    $v0                                      0x08006382   Number         0  printf1.o(x$fpl$printf1)
    x$fpl$retnan                             0x08006386   Section      100  retnan.o(x$fpl$retnan)
    $v0                                      0x08006386   Number         0  retnan.o(x$fpl$retnan)
    x$fpl$scalbn                             0x080063ea   Section       92  scalbn.o(x$fpl$scalbn)
    $v0                                      0x080063ea   Number         0  scalbn.o(x$fpl$scalbn)
    x$fpl$trapveneer                         0x08006446   Section       48  trapv.o(x$fpl$trapveneer)
    $v0                                      0x08006446   Number         0  trapv.o(x$fpl$trapveneer)
    x$fpl$usenofp                            0x08006476   Section        0  usenofp.o(x$fpl$usenofp)
    .constdata                               0x08006478   Section       64  system_stm32l4xx.o(.constdata)
    .constdata                               0x080064b8   Section     3104  lcd.o(.constdata)
    .constdata                               0x080070d8   Section      136  pow.o(.constdata)
    bp                                       0x080070d8   Data          16  pow.o(.constdata)
    dp_h                                     0x080070e8   Data          16  pow.o(.constdata)
    dp_l                                     0x080070f8   Data          16  pow.o(.constdata)
    L                                        0x08007108   Data          48  pow.o(.constdata)
    P                                        0x08007138   Data          40  pow.o(.constdata)
    .constdata                               0x08007160   Section        8  qnan.o(.constdata)
    .constdata                               0x08007168   Section      148  bigflt0.o(.constdata)
    tenpwrs_x                                0x08007168   Data          60  bigflt0.o(.constdata)
    tenpwrs_i                                0x080071a4   Data          64  bigflt0.o(.constdata)
    locale$$data                             0x0800721c   Section       28  lc_numeric_c.o(locale$$data)
    __lcnum_c_name                           0x08007220   Data           2  lc_numeric_c.o(locale$$data)
    __lcnum_c_start                          0x08007228   Data           0  lc_numeric_c.o(locale$$data)
    __lcnum_c_point                          0x08007234   Data           0  lc_numeric_c.o(locale$$data)
    __lcnum_c_thousands                      0x08007236   Data           0  lc_numeric_c.o(locale$$data)
    __lcnum_c_grouping                       0x08007237   Data           0  lc_numeric_c.o(locale$$data)
    __lcnum_c_end                            0x08007238   Data           0  lc_numeric_c.o(locale$$data)
    .data                                    0x20000000   Section       12  stm32l4xx_hal.o(.data)
    .data                                    0x2000000c   Section        4  system_stm32l4xx.o(.data)
    .data                                    0x20000010   Section        8  aht10.o(.data)
    humi                                     0x20000010   Data           4  aht10.o(.data)
    temp                                     0x20000014   Data           4  aht10.o(.data)
    .data                                    0x20000018   Section       20  bmp280.o(.data)
    bmp280ID                                 0x20000018   Data           1  bmp280.o(.data)
    isInit                                   0x20000019   Data           1  bmp280.o(.data)
    i                                        0x2000001a   Data           1  bmp280.o(.data)
    bmp280RawPressure                        0x2000001c   Data           4  bmp280.o(.data)
    bmp280RawTemperature                     0x20000020   Data           4  bmp280.o(.data)
    t                                        0x20000024   Data           4  bmp280.o(.data)
    p                                        0x20000028   Data           4  bmp280.o(.data)
    .data                                    0x2000002c   Section        4  delay.o(.data)
    fac_us                                   0x2000002c   Data           4  delay.o(.data)
    .bss                                     0x20000030   Section       84  i2c.o(.bss)
    .bss                                     0x20000084   Section       36  rtc.o(.bss)
    .bss                                     0x200000a8   Section       76  tim.o(.bss)
    .bss                                     0x200000f4   Section       48  bmp280.o(.bss)
    filter_buf                               0x200000f4   Data          20  bmp280.o(.bss)
    .bss                                     0x20000124   Section       96  libspace.o(.bss)
    HEAP                                     0x20000188   Section      512  startup_stm32l431xx.o(HEAP)
    Heap_Mem                                 0x20000188   Data         512  startup_stm32l431xx.o(HEAP)
    STACK                                    0x20000388   Section     1024  startup_stm32l431xx.o(STACK)
    Stack_Mem                                0x20000388   Data        1024  startup_stm32l431xx.o(STACK)
    __initial_sp                             0x20000788   Data           0  startup_stm32l431xx.o(STACK)

    Global Symbols

    Symbol Name                              Value     Ov Type        Size  Object(Section)

    BuildAttributes$$THM_ISAv4$E$P$D$K$B$S$7EM$VFPi3$EXTD16$VFPS$VFMA$PE$A:L22UL41UL21$X:L11$S22US41US21$IEEE1$IW$USESV6$~STKCKD$USESV7$~SHL$OTIME$ROPI$IEEEX$EBA8$UX$STANDARDLIB$REQ8$PRES8$EABIv2 0x00000000   Number         0  anon$$obj.o ABSOLUTE
    __ARM_use_no_argv                        0x00000000   Number         0  main.o ABSOLUTE
    _printf_flags                            0x00000000   Number         0  printf_stubs.o ABSOLUTE
    _printf_return_value                     0x00000000   Number         0  printf_stubs.o ABSOLUTE
    _printf_sizespec                         0x00000000   Number         0  printf_stubs.o ABSOLUTE
    _printf_widthprec                        0x00000000   Number         0  printf_stubs.o ABSOLUTE
    __ARM_exceptions_init                     - Undefined Weak Reference
    __alloca_initialize                       - Undefined Weak Reference
    __arm_fini_                               - Undefined Weak Reference
    __arm_preinit_                            - Undefined Weak Reference
    __cpp_initialize__aeabi_                  - Undefined Weak Reference
    __cxa_finalize                            - Undefined Weak Reference
    __sigvec_lookup                           - Undefined Weak Reference
    _atexit_init                              - Undefined Weak Reference
    _call_atexit_fns                          - Undefined Weak Reference
    _clock_init                               - Undefined Weak Reference
    _fp_trap_init                             - Undefined Weak Reference
    _fp_trap_shutdown                         - Undefined Weak Reference
    _get_lc_collate                           - Undefined Weak Reference
    _get_lc_ctype                             - Undefined Weak Reference
    _get_lc_monetary                          - Undefined Weak Reference
    _get_lc_time                              - Undefined Weak Reference
    _getenv_init                              - Undefined Weak Reference
    _handle_redirection                       - Undefined Weak Reference
    _init_alloc                               - Undefined Weak Reference
    _init_user_alloc                          - Undefined Weak Reference
    _initio                                   - Undefined Weak Reference
    _printf_post_padding                      - Undefined Weak Reference
    _printf_pre_padding                       - Undefined Weak Reference
    _rand_init                                - Undefined Weak Reference
    _signal_finish                            - Undefined Weak Reference
    _signal_init                              - Undefined Weak Reference
    _terminate_alloc                          - Undefined Weak Reference
    _terminate_user_alloc                     - Undefined Weak Reference
    _terminateio                              - Undefined Weak Reference
    __Vectors_Size                           0x0000018c   Number         0  startup_stm32l431xx.o ABSOLUTE
    __Vectors                                0x08000000   Data           4  startup_stm32l431xx.o(RESET)
    __Vectors_End                            0x0800018c   Data           0  startup_stm32l431xx.o(RESET)
    __main                                   0x0800018d   Thumb Code     8  __main.o(!!!main)
    __scatterload                            0x08000195   Thumb Code     0  __scatter.o(!!!scatter)
    __scatterload_rt2                        0x08000195   Thumb Code    44  __scatter.o(!!!scatter)
    __scatterload_rt2_thumb_only             0x08000195   Thumb Code     0  __scatter.o(!!!scatter)
    __scatterload_null                       0x080001a3   Thumb Code     0  __scatter.o(!!!scatter)
    __scatterload_copy                       0x080001c9   Thumb Code    26  __scatter_copy.o(!!handler_copy)
    __scatterload_zeroinit                   0x080001e5   Thumb Code    28  __scatter_zi.o(!!handler_zi)
    _printf_f                                0x08000201   Thumb Code     0  _printf_f.o(.ARM.Collect$$_printf_percent$$00000003)
    _printf_percent                          0x08000201   Thumb Code     0  _printf_percent.o(.ARM.Collect$$_printf_percent$$00000000)
    _printf_percent_end                      0x08000207   Thumb Code     0  _printf_percent_end.o(.ARM.Collect$$_printf_percent$$00000017)
    __rt_lib_init                            0x0800020b   Thumb Code     0  libinit.o(.ARM.Collect$$libinit$$00000000)
    __rt_lib_init_fp_1                       0x0800020d   Thumb Code     0  libinit2.o(.ARM.Collect$$libinit$$00000001)
    __rt_lib_init_heap_1                     0x08000211   Thumb Code     0  libinit2.o(.ARM.Collect$$libinit$$0000000A)
    __rt_lib_init_lc_common                  0x08000211   Thumb Code     0  libinit2.o(.ARM.Collect$$libinit$$0000000F)
    __rt_lib_init_preinit_1                  0x08000211   Thumb Code     0  libinit2.o(.ARM.Collect$$libinit$$00000004)
    __rt_lib_init_rand_1                     0x08000211   Thumb Code     0  libinit2.o(.ARM.Collect$$libinit$$0000000E)
    __rt_lib_init_user_alloc_1               0x08000211   Thumb Code     0  libinit2.o(.ARM.Collect$$libinit$$0000000C)
    __rt_lib_init_lc_collate_1               0x08000217   Thumb Code     0  libinit2.o(.ARM.Collect$$libinit$$00000011)
    __rt_lib_init_lc_ctype_1                 0x08000217   Thumb Code     0  libinit2.o(.ARM.Collect$$libinit$$00000013)
    __rt_lib_init_lc_monetary_1              0x08000217   Thumb Code     0  libinit2.o(.ARM.Collect$$libinit$$00000015)
    __rt_lib_init_lc_numeric_2               0x08000217   Thumb Code     0  libinit2.o(.ARM.Collect$$libinit$$00000016)
    __rt_lib_init_alloca_1                   0x08000221   Thumb Code     0  libinit2.o(.ARM.Collect$$libinit$$0000002E)
    __rt_lib_init_argv_1                     0x08000221   Thumb Code     0  libinit2.o(.ARM.Collect$$libinit$$0000002C)
    __rt_lib_init_atexit_1                   0x08000221   Thumb Code     0  libinit2.o(.ARM.Collect$$libinit$$0000001B)
    __rt_lib_init_clock_1                    0x08000221   Thumb Code     0  libinit2.o(.ARM.Collect$$libinit$$00000021)
    __rt_lib_init_cpp_1                      0x08000221   Thumb Code     0  libinit2.o(.ARM.Collect$$libinit$$00000032)
    __rt_lib_init_exceptions_1               0x08000221   Thumb Code     0  libinit2.o(.ARM.Collect$$libinit$$00000030)
    __rt_lib_init_fp_trap_1                  0x08000221   Thumb Code     0  libinit2.o(.ARM.Collect$$libinit$$0000001F)
    __rt_lib_init_getenv_1                   0x08000221   Thumb Code     0  libinit2.o(.ARM.Collect$$libinit$$00000023)
    __rt_lib_init_lc_numeric_1               0x08000221   Thumb Code     0  libinit2.o(.ARM.Collect$$libinit$$00000017)
    __rt_lib_init_lc_time_1                  0x08000221   Thumb Code     0  libinit2.o(.ARM.Collect$$libinit$$00000019)
    __rt_lib_init_return                     0x08000221   Thumb Code     0  libinit2.o(.ARM.Collect$$libinit$$00000033)
    __rt_lib_init_signal_1                   0x08000221   Thumb Code     0  libinit2.o(.ARM.Collect$$libinit$$0000001D)
    __rt_lib_init_stdio_1                    0x08000221   Thumb Code     0  libinit2.o(.ARM.Collect$$libinit$$00000025)
    __rt_lib_shutdown                        0x08000223   Thumb Code     0  libshutdown.o(.ARM.Collect$$libshutdown$$00000000)
    __rt_lib_shutdown_cpp_1                  0x08000225   Thumb Code     0  libshutdown2.o(.ARM.Collect$$libshutdown$$00000004)
    __rt_lib_shutdown_fini_1                 0x08000225   Thumb Code     0  libshutdown2.o(.ARM.Collect$$libshutdown$$00000002)
    __rt_lib_shutdown_fp_trap_1              0x08000225   Thumb Code     0  libshutdown2.o(.ARM.Collect$$libshutdown$$00000009)
    __rt_lib_shutdown_heap_1                 0x08000225   Thumb Code     0  libshutdown2.o(.ARM.Collect$$libshutdown$$00000011)
    __rt_lib_shutdown_return                 0x08000225   Thumb Code     0  libshutdown2.o(.ARM.Collect$$libshutdown$$00000012)
    __rt_lib_shutdown_signal_1               0x08000225   Thumb Code     0  libshutdown2.o(.ARM.Collect$$libshutdown$$0000000C)
    __rt_lib_shutdown_stdio_1                0x08000225   Thumb Code     0  libshutdown2.o(.ARM.Collect$$libshutdown$$00000006)
    __rt_lib_shutdown_user_alloc_1           0x08000225   Thumb Code     0  libshutdown2.o(.ARM.Collect$$libshutdown$$0000000E)
    __rt_entry                               0x08000227   Thumb Code     0  __rtentry.o(.ARM.Collect$$rtentry$$00000000)
    __rt_entry_presh_1                       0x08000227   Thumb Code     0  __rtentry2.o(.ARM.Collect$$rtentry$$00000002)
    __rt_entry_sh                            0x08000227   Thumb Code     0  __rtentry4.o(.ARM.Collect$$rtentry$$00000004)
    __rt_entry_li                            0x0800022d   Thumb Code     0  __rtentry2.o(.ARM.Collect$$rtentry$$0000000A)
    __rt_entry_postsh_1                      0x0800022d   Thumb Code     0  __rtentry2.o(.ARM.Collect$$rtentry$$00000009)
    __rt_entry_main                          0x08000231   Thumb Code     0  __rtentry2.o(.ARM.Collect$$rtentry$$0000000D)
    __rt_entry_postli_1                      0x08000231   Thumb Code     0  __rtentry2.o(.ARM.Collect$$rtentry$$0000000C)
    __rt_exit                                0x08000239   Thumb Code     0  rtexit.o(.ARM.Collect$$rtexit$$00000000)
    __rt_exit_ls                             0x0800023b   Thumb Code     0  rtexit2.o(.ARM.Collect$$rtexit$$00000003)
    __rt_exit_prels_1                        0x0800023b   Thumb Code     0  rtexit2.o(.ARM.Collect$$rtexit$$00000002)
    __rt_exit_exit                           0x0800023f   Thumb Code     0  rtexit2.o(.ARM.Collect$$rtexit$$00000004)
    Reset_Handler                            0x08000245   Thumb Code     8  startup_stm32l431xx.o(.text)
    ADC1_IRQHandler                          0x0800025f   Thumb Code     0  startup_stm32l431xx.o(.text)
    CAN1_RX0_IRQHandler                      0x0800025f   Thumb Code     0  startup_stm32l431xx.o(.text)
    CAN1_RX1_IRQHandler                      0x0800025f   Thumb Code     0  startup_stm32l431xx.o(.text)
    CAN1_SCE_IRQHandler                      0x0800025f   Thumb Code     0  startup_stm32l431xx.o(.text)
    CAN1_TX_IRQHandler                       0x0800025f   Thumb Code     0  startup_stm32l431xx.o(.text)
    COMP_IRQHandler                          0x0800025f   Thumb Code     0  startup_stm32l431xx.o(.text)
    CRS_IRQHandler                           0x0800025f   Thumb Code     0  startup_stm32l431xx.o(.text)
    DMA1_Channel1_IRQHandler                 0x0800025f   Thumb Code     0  startup_stm32l431xx.o(.text)
    DMA1_Channel2_IRQHandler                 0x0800025f   Thumb Code     0  startup_stm32l431xx.o(.text)
    DMA1_Channel3_IRQHandler                 0x0800025f   Thumb Code     0  startup_stm32l431xx.o(.text)
    DMA1_Channel4_IRQHandler                 0x0800025f   Thumb Code     0  startup_stm32l431xx.o(.text)
    DMA1_Channel5_IRQHandler                 0x0800025f   Thumb Code     0  startup_stm32l431xx.o(.text)
    DMA1_Channel6_IRQHandler                 0x0800025f   Thumb Code     0  startup_stm32l431xx.o(.text)
    DMA1_Channel7_IRQHandler                 0x0800025f   Thumb Code     0  startup_stm32l431xx.o(.text)
    DMA2_Channel1_IRQHandler                 0x0800025f   Thumb Code     0  startup_stm32l431xx.o(.text)
    DMA2_Channel2_IRQHandler                 0x0800025f   Thumb Code     0  startup_stm32l431xx.o(.text)
    DMA2_Channel3_IRQHandler                 0x0800025f   Thumb Code     0  startup_stm32l431xx.o(.text)
    DMA2_Channel4_IRQHandler                 0x0800025f   Thumb Code     0  startup_stm32l431xx.o(.text)
    DMA2_Channel5_IRQHandler                 0x0800025f   Thumb Code     0  startup_stm32l431xx.o(.text)
    DMA2_Channel6_IRQHandler                 0x0800025f   Thumb Code     0  startup_stm32l431xx.o(.text)
    DMA2_Channel7_IRQHandler                 0x0800025f   Thumb Code     0  startup_stm32l431xx.o(.text)
    EXTI0_IRQHandler                         0x0800025f   Thumb Code     0  startup_stm32l431xx.o(.text)
    EXTI1_IRQHandler                         0x0800025f   Thumb Code     0  startup_stm32l431xx.o(.text)
    EXTI2_IRQHandler                         0x0800025f   Thumb Code     0  startup_stm32l431xx.o(.text)
    EXTI3_IRQHandler                         0x0800025f   Thumb Code     0  startup_stm32l431xx.o(.text)
    EXTI4_IRQHandler                         0x0800025f   Thumb Code     0  startup_stm32l431xx.o(.text)
    EXTI9_5_IRQHandler                       0x0800025f   Thumb Code     0  startup_stm32l431xx.o(.text)
    FLASH_IRQHandler                         0x0800025f   Thumb Code     0  startup_stm32l431xx.o(.text)
    FPU_IRQHandler                           0x0800025f   Thumb Code     0  startup_stm32l431xx.o(.text)
    I2C1_ER_IRQHandler                       0x0800025f   Thumb Code     0  startup_stm32l431xx.o(.text)
    I2C1_EV_IRQHandler                       0x0800025f   Thumb Code     0  startup_stm32l431xx.o(.text)
    I2C2_ER_IRQHandler                       0x0800025f   Thumb Code     0  startup_stm32l431xx.o(.text)
    I2C2_EV_IRQHandler                       0x0800025f   Thumb Code     0  startup_stm32l431xx.o(.text)
    I2C3_ER_IRQHandler                       0x0800025f   Thumb Code     0  startup_stm32l431xx.o(.text)
    I2C3_EV_IRQHandler                       0x0800025f   Thumb Code     0  startup_stm32l431xx.o(.text)
    LPTIM1_IRQHandler                        0x0800025f   Thumb Code     0  startup_stm32l431xx.o(.text)
    LPTIM2_IRQHandler                        0x0800025f   Thumb Code     0  startup_stm32l431xx.o(.text)
    LPUART1_IRQHandler                       0x0800025f   Thumb Code     0  startup_stm32l431xx.o(.text)
    PVD_PVM_IRQHandler                       0x0800025f   Thumb Code     0  startup_stm32l431xx.o(.text)
    QUADSPI_IRQHandler                       0x0800025f   Thumb Code     0  startup_stm32l431xx.o(.text)
    RCC_IRQHandler                           0x0800025f   Thumb Code     0  startup_stm32l431xx.o(.text)
    RNG_IRQHandler                           0x0800025f   Thumb Code     0  startup_stm32l431xx.o(.text)
    RTC_Alarm_IRQHandler                     0x0800025f   Thumb Code     0  startup_stm32l431xx.o(.text)
    SAI1_IRQHandler                          0x0800025f   Thumb Code     0  startup_stm32l431xx.o(.text)
    SDMMC1_IRQHandler                        0x0800025f   Thumb Code     0  startup_stm32l431xx.o(.text)
    SPI1_IRQHandler                          0x0800025f   Thumb Code     0  startup_stm32l431xx.o(.text)
    SPI2_IRQHandler                          0x0800025f   Thumb Code     0  startup_stm32l431xx.o(.text)
    SPI3_IRQHandler                          0x0800025f   Thumb Code     0  startup_stm32l431xx.o(.text)
    SWPMI1_IRQHandler                        0x0800025f   Thumb Code     0  startup_stm32l431xx.o(.text)
    TAMP_STAMP_IRQHandler                    0x0800025f   Thumb Code     0  startup_stm32l431xx.o(.text)
    TIM1_BRK_TIM15_IRQHandler                0x0800025f   Thumb Code     0  startup_stm32l431xx.o(.text)
    TIM1_CC_IRQHandler                       0x0800025f   Thumb Code     0  startup_stm32l431xx.o(.text)
    TIM1_TRG_COM_IRQHandler                  0x0800025f   Thumb Code     0  startup_stm32l431xx.o(.text)
    TIM1_UP_TIM16_IRQHandler                 0x0800025f   Thumb Code     0  startup_stm32l431xx.o(.text)
    TIM2_IRQHandler                          0x0800025f   Thumb Code     0  startup_stm32l431xx.o(.text)
    TIM6_DAC_IRQHandler                      0x0800025f   Thumb Code     0  startup_stm32l431xx.o(.text)
    TIM7_IRQHandler                          0x0800025f   Thumb Code     0  startup_stm32l431xx.o(.text)
    TSC_IRQHandler                           0x0800025f   Thumb Code     0  startup_stm32l431xx.o(.text)
    USART1_IRQHandler                        0x0800025f   Thumb Code     0  startup_stm32l431xx.o(.text)
    USART2_IRQHandler                        0x0800025f   Thumb Code     0  startup_stm32l431xx.o(.text)
    USART3_IRQHandler                        0x0800025f   Thumb Code     0  startup_stm32l431xx.o(.text)
    WWDG_IRQHandler                          0x0800025f   Thumb Code     0  startup_stm32l431xx.o(.text)
    __user_initial_stackheap                 0x08000261   Thumb Code     0  startup_stm32l431xx.o(.text)
    __aeabi_ldivmod                          0x08000285   Thumb Code     0  llsdiv.o(.text)
    _ll_sdiv                                 0x08000285   Thumb Code    72  llsdiv.o(.text)
    __2sprintf                               0x080002cd   Thumb Code    34  noretval__2sprintf.o(.text)
    __printf                                 0x080002f5   Thumb Code   270  __printf_wp.o(.text)
    __aeabi_memclr4                          0x08000403   Thumb Code     0  rt_memclr_w.o(.text)
    __aeabi_memclr8                          0x08000403   Thumb Code     0  rt_memclr_w.o(.text)
    __rt_memclr_w                            0x08000403   Thumb Code    78  rt_memclr_w.o(.text)
    _memset_w                                0x08000407   Thumb Code     0  rt_memclr_w.o(.text)
    __use_two_region_memory                  0x08000451   Thumb Code     2  heapauxi.o(.text)
    __rt_heap_escrow$2region                 0x08000453   Thumb Code     2  heapauxi.o(.text)
    __rt_heap_expand$2region                 0x08000455   Thumb Code     2  heapauxi.o(.text)
    __aeabi_uldivmod                         0x08000457   Thumb Code     0  lludivv7m.o(.text)
    _ll_udiv                                 0x08000457   Thumb Code   238  lludivv7m.o(.text)
    __read_errno                             0x08000545   Thumb Code    10  _rserrno.o(.text)
    __set_errno                              0x0800054f   Thumb Code    12  _rserrno.o(.text)
    __lib_sel_fp_printf                      0x0800055b   Thumb Code     2  _printf_fp_dec.o(.text)
    _printf_fp_dec_real                      0x0800070d   Thumb Code   620  _printf_fp_dec.o(.text)
    _printf_char_common                      0x0800098b   Thumb Code    32  _printf_char_common.o(.text)
    _sputc                                   0x080009b1   Thumb Code    10  _sputc.o(.text)
    __rt_locale                              0x080009bd   Thumb Code     8  rt_locale_intlibspace.o(.text)
    __aeabi_errno_addr                       0x080009c5   Thumb Code     8  rt_errno_addr_intlibspace.o(.text)
    __errno$intlibspace                      0x080009c5   Thumb Code     0  rt_errno_addr_intlibspace.o(.text)
    __rt_errno_addr$intlibspace              0x080009c5   Thumb Code     0  rt_errno_addr_intlibspace.o(.text)
    _ll_udiv10                               0x080009cd   Thumb Code   138  lludiv10.o(.text)
    _printf_fp_infnan                        0x08000a59   Thumb Code   112  _printf_fp_infnan.o(.text)
    _btod_etento                             0x08000ad9   Thumb Code   224  bigflt0.o(.text)
    __user_libspace                          0x08000bbd   Thumb Code     8  libspace.o(.text)
    __user_perproc_libspace                  0x08000bbd   Thumb Code     0  libspace.o(.text)
    __user_perthread_libspace                0x08000bbd   Thumb Code     0  libspace.o(.text)
    __user_setup_stackheap                   0x08000bc5   Thumb Code    74  sys_stackheap_outer.o(.text)
    exit                                     0x08000c0f   Thumb Code    18  exit.o(.text)
    strcmp                                   0x08000c21   Thumb Code   128  strcmpv7m.o(.text)
    _sys_exit                                0x08000ca1   Thumb Code     8  sys_exit.o(.text)
    __I$use$semihosting                      0x08000cad   Thumb Code     0  use_no_semi.o(.text)
    __use_no_semihosting_swi                 0x08000cad   Thumb Code     2  use_no_semi.o(.text)
    __semihosting_library_function           0x08000caf   Thumb Code     0  indicate_semi.o(.text)
    _btod_d2e                                0x08000caf   Thumb Code    62  btod.o(CL$$btod_d2e)
    _d2e_denorm_low                          0x08000ced   Thumb Code    70  btod.o(CL$$btod_d2e_denorm_low)
    _d2e_norm_op1                            0x08000d33   Thumb Code    96  btod.o(CL$$btod_d2e_norm_op1)
    __btod_div_common                        0x08000d93   Thumb Code   696  btod.o(CL$$btod_div_common)
    _e2e                                     0x080010cb   Thumb Code   220  btod.o(CL$$btod_e2e)
    _btod_ediv                               0x080011a7   Thumb Code    42  btod.o(CL$$btod_ediv)
    _btod_emul                               0x080011d1   Thumb Code    42  btod.o(CL$$btod_emul)
    __btod_mult_common                       0x080011fb   Thumb Code   580  btod.o(CL$$btod_mult_common)
    AHT10_Init                               0x08001441   Thumb Code    28  aht10.o(i.AHT10_Init)
    AHT10_Read_predata                       0x08001461   Thumb Code   172  aht10.o(i.AHT10_Read_predata)
    AHT10_SoftReset                          0x08001531   Thumb Code    34  aht10.o(i.AHT10_SoftReset)
    AHT10_TrigeMea                           0x08001559   Thumb Code    46  aht10.o(i.AHT10_TrigeMea)
    BMP_IIC_Ack                              0x0800158d   Thumb Code    68  bmp280.o(i.BMP_IIC_Ack)
    BMP_IIC_Init                             0x080015d5   Thumb Code    28  bmp280.o(i.BMP_IIC_Init)
    BMP_IIC_NAck                             0x080015f5   Thumb Code    68  bmp280.o(i.BMP_IIC_NAck)
    BMP_IIC_Read_Byte                        0x0800163d   Thumb Code   104  bmp280.o(i.BMP_IIC_Read_Byte)
    BMP_IIC_Send_Byte                        0x080016a9   Thumb Code    96  bmp280.o(i.BMP_IIC_Send_Byte)
    BMP_IIC_Start                            0x0800170d   Thumb Code    68  bmp280.o(i.BMP_IIC_Start)
    BMP_IIC_Stop                             0x08001755   Thumb Code    70  bmp280.o(i.BMP_IIC_Stop)
    BMP_IIC_Wait_Ack                         0x080017a1   Thumb Code    94  bmp280.o(i.BMP_IIC_Wait_Ack)
    BMP_iicDevRead                           0x08001805   Thumb Code    88  bmp280.o(i.BMP_iicDevRead)
    BMP_iicDevReadByte                       0x0800185d   Thumb Code    62  bmp280.o(i.BMP_iicDevReadByte)
    BMP_iicDevWriteByte                      0x0800189b   Thumb Code    50  bmp280.o(i.BMP_iicDevWriteByte)
    BusFault_Handler                         0x080018cd   Thumb Code     2  stm32l4xx_it.o(i.BusFault_Handler)
    DebugMon_Handler                         0x080018cf   Thumb Code     2  stm32l4xx_it.o(i.DebugMon_Handler)
    EXTI15_10_IRQHandler                     0x080018d1   Thumb Code     8  stm32l4xx_it.o(i.EXTI15_10_IRQHandler)
    Error_Handler                            0x080018d9   Thumb Code     4  main.o(i.Error_Handler)
    HAL_Delay                                0x080018dd   Thumb Code    32  stm32l4xx_hal.o(i.HAL_Delay)
    HAL_GPIO_EXTI_Callback                   0x08001901   Thumb Code     2  stm32l4xx_hal_gpio.o(i.HAL_GPIO_EXTI_Callback)
    HAL_GPIO_EXTI_IRQHandler                 0x08001905   Thumb Code    18  stm32l4xx_hal_gpio.o(i.HAL_GPIO_EXTI_IRQHandler)
    HAL_GPIO_Init                            0x0800191d   Thumb Code   434  stm32l4xx_hal_gpio.o(i.HAL_GPIO_Init)
    HAL_GPIO_ReadPin                         0x08001af3   Thumb Code    10  stm32l4xx_hal_gpio.o(i.HAL_GPIO_ReadPin)
    HAL_GPIO_WritePin                        0x08001afd   Thumb Code    10  stm32l4xx_hal_gpio.o(i.HAL_GPIO_WritePin)
    HAL_GetTick                              0x08001b09   Thumb Code     6  stm32l4xx_hal.o(i.HAL_GetTick)
    HAL_I2CEx_ConfigAnalogFilter             0x08001b15   Thumb Code    86  stm32l4xx_hal_i2c_ex.o(i.HAL_I2CEx_ConfigAnalogFilter)
    HAL_I2CEx_ConfigDigitalFilter            0x08001b6b   Thumb Code    82  stm32l4xx_hal_i2c_ex.o(i.HAL_I2CEx_ConfigDigitalFilter)
    HAL_I2C_Init                             0x08001bbd   Thumb Code   178  stm32l4xx_hal_i2c.o(i.HAL_I2C_Init)
    HAL_I2C_Master_Receive                   0x08001c75   Thumb Code   282  stm32l4xx_hal_i2c.o(i.HAL_I2C_Master_Receive)
    HAL_I2C_Master_Transmit                  0x08001da1   Thumb Code   282  stm32l4xx_hal_i2c.o(i.HAL_I2C_Master_Transmit)
    HAL_I2C_MspInit                          0x08001ecd   Thumb Code   114  i2c.o(i.HAL_I2C_MspInit)
    HAL_IncTick                              0x08001f4d   Thumb Code    12  stm32l4xx_hal.o(i.HAL_IncTick)
    HAL_Init                                 0x08001f5d   Thumb Code    30  stm32l4xx_hal.o(i.HAL_Init)
    HAL_InitTick                             0x08001f7d   Thumb Code    58  stm32l4xx_hal.o(i.HAL_InitTick)
    HAL_MspInit                              0x08001fc1   Thumb Code    38  stm32l4xx_hal_msp.o(i.HAL_MspInit)
    HAL_NVIC_EnableIRQ                       0x08001fed   Thumb Code    26  stm32l4xx_hal_cortex.o(i.HAL_NVIC_EnableIRQ)
    HAL_NVIC_SetPriority                     0x08002009   Thumb Code    60  stm32l4xx_hal_cortex.o(i.HAL_NVIC_SetPriority)
    HAL_NVIC_SetPriorityGrouping             0x08002049   Thumb Code    26  stm32l4xx_hal_cortex.o(i.HAL_NVIC_SetPriorityGrouping)
    HAL_PWREx_ControlVoltageScaling          0x0800206d   Thumb Code    90  stm32l4xx_hal_pwr_ex.o(i.HAL_PWREx_ControlVoltageScaling)
    HAL_PWREx_EnterSTOP0Mode                 0x080020d5   Thumb Code    44  stm32l4xx_hal_pwr_ex.o(i.HAL_PWREx_EnterSTOP0Mode)
    HAL_PWREx_EnterSTOP1Mode                 0x08002109   Thumb Code    46  stm32l4xx_hal_pwr_ex.o(i.HAL_PWREx_EnterSTOP1Mode)
    HAL_PWREx_GetVoltageRange                0x08002141   Thumb Code    10  stm32l4xx_hal_pwr_ex.o(i.HAL_PWREx_GetVoltageRange)
    HAL_PWR_EnterSTOPMode                    0x08002151   Thumb Code    16  stm32l4xx_hal_pwr.o(i.HAL_PWR_EnterSTOPMode)
    HAL_RCCEx_PeriphCLKConfig                0x08002161   Thumb Code   682  stm32l4xx_hal_rcc_ex.o(i.HAL_RCCEx_PeriphCLKConfig)
    HAL_RCC_ClockConfig                      0x0800241d   Thumb Code   304  stm32l4xx_hal_rcc.o(i.HAL_RCC_ClockConfig)
    HAL_RCC_GetSysClockFreq                  0x08002561   Thumb Code   150  stm32l4xx_hal_rcc.o(i.HAL_RCC_GetSysClockFreq)
    HAL_RCC_OscConfig                        0x08002605   Thumb Code  1366  stm32l4xx_hal_rcc.o(i.HAL_RCC_OscConfig)
    HAL_RTCEx_SetWakeUpTimer_IT              0x08002b65   Thumb Code   216  stm32l4xx_hal_rtc_ex.o(i.HAL_RTCEx_SetWakeUpTimer_IT)
    HAL_RTCEx_WakeUpTimerEventCallback       0x08002c47   Thumb Code     2  main.o(i.HAL_RTCEx_WakeUpTimerEventCallback)
    HAL_RTCEx_WakeUpTimerIRQHandler          0x08002c49   Thumb Code    46  stm32l4xx_hal_rtc_ex.o(i.HAL_RTCEx_WakeUpTimerIRQHandler)
    HAL_RTC_Init                             0x08002c7d   Thumb Code   150  stm32l4xx_hal_rtc.o(i.HAL_RTC_Init)
    HAL_RTC_MspInit                          0x08002d19   Thumb Code    76  rtc.o(i.HAL_RTC_MspInit)
    HAL_RTC_WaitForSynchro                   0x08002d6d   Thumb Code    54  stm32l4xx_hal_rtc.o(i.HAL_RTC_WaitForSynchro)
    HAL_SYSTICK_Config                       0x08002da3   Thumb Code    40  stm32l4xx_hal_cortex.o(i.HAL_SYSTICK_Config)
    HAL_TIMEx_ConfigBreakDeadTime            0x08002dcd   Thumb Code   126  stm32l4xx_hal_tim_ex.o(i.HAL_TIMEx_ConfigBreakDeadTime)
    HAL_TIMEx_MasterConfigSynchronization    0x08002e51   Thumb Code    98  stm32l4xx_hal_tim_ex.o(i.HAL_TIMEx_MasterConfigSynchronization)
    HAL_TIMEx_PWMN_Start                     0x08002ebd   Thumb Code   140  stm32l4xx_hal_tim_ex.o(i.HAL_TIMEx_PWMN_Start)
    HAL_TIM_Base_Init                        0x08002f55   Thumb Code    98  stm32l4xx_hal_tim.o(i.HAL_TIM_Base_Init)
    HAL_TIM_Base_MspInit                     0x08002fb9   Thumb Code    30  tim.o(i.HAL_TIM_Base_MspInit)
    HAL_TIM_ConfigClockSource                0x08002fe1   Thumb Code   220  stm32l4xx_hal_tim.o(i.HAL_TIM_ConfigClockSource)
    HAL_TIM_MspPostInit                      0x080030c1   Thumb Code    68  tim.o(i.HAL_TIM_MspPostInit)
    HAL_TIM_PWM_ConfigChannel                0x08003111   Thumb Code   292  stm32l4xx_hal_tim.o(i.HAL_TIM_PWM_ConfigChannel)
    HAL_TIM_PWM_Init                         0x08003235   Thumb Code    98  stm32l4xx_hal_tim.o(i.HAL_TIM_PWM_Init)
    HAL_TIM_PWM_MspInit                      0x08003297   Thumb Code     2  stm32l4xx_hal_tim.o(i.HAL_TIM_PWM_MspInit)
    HardFault_Handler                        0x08003299   Thumb Code     2  stm32l4xx_it.o(i.HardFault_Handler)
    LcdAddress                               0x0800359d   Thumb Code    40  lcd.o(i.LcdAddress)
    LcdClearScreen                           0x080035c5   Thumb Code    40  lcd.o(i.LcdClearScreen)
    LcdDispBK                                0x080035ed   Thumb Code   108  lcd.o(i.LcdDispBK)
    LcdDispStr8x16                           0x08003659   Thumb Code   140  lcd.o(i.LcdDispStr8x16)
    LcdInit                                  0x080036ef   Thumb Code   182  lcd.o(i.LcdInit)
    LcdWrite                                 0x080037a5   Thumb Code   114  lcd.o(i.LcdWrite)
    MX_GPIO_Init                             0x0800381d   Thumb Code   310  gpio.o(i.MX_GPIO_Init)
    MX_I2C1_Init                             0x08003969   Thumb Code    78  i2c.o(i.MX_I2C1_Init)
    MX_RTC_Init                              0x080039c1   Thumb Code    62  rtc.o(i.MX_RTC_Init)
    MX_TIM1_Init                             0x08003a09   Thumb Code   206  tim.o(i.MX_TIM1_Init)
    MemManage_Handler                        0x08003ae1   Thumb Code     2  stm32l4xx_it.o(i.MemManage_Handler)
    NMI_Handler                              0x08003ae3   Thumb Code     2  stm32l4xx_it.o(i.NMI_Handler)
    PendSV_Handler                           0x08003ae5   Thumb Code     2  stm32l4xx_it.o(i.PendSV_Handler)
    RTC_EnterInitMode                        0x08003c91   Thumb Code    70  stm32l4xx_hal_rtc.o(i.RTC_EnterInitMode)
    RTC_ExitInitMode                         0x08003cd9   Thumb Code    82  stm32l4xx_hal_rtc.o(i.RTC_ExitInitMode)
    RTC_WKUP_IRQHandler                      0x08003d31   Thumb Code     6  stm32l4xx_it.o(i.RTC_WKUP_IRQHandler)
    SDA_IN                                   0x08003d3d   Thumb Code    36  bmp280.o(i.SDA_IN)
    SDA_OUT                                  0x08003d65   Thumb Code    40  bmp280.o(i.SDA_OUT)
    SVC_Handler                              0x08003d91   Thumb Code     2  stm32l4xx_it.o(i.SVC_Handler)
    SysTick_Handler                          0x08003d93   Thumb Code     4  stm32l4xx_it.o(i.SysTick_Handler)
    SystemClock_Config                       0x08003d97   Thumb Code    98  main.o(i.SystemClock_Config)
    SystemInit                               0x08003df9   Thumb Code    12  system_stm32l4xx.o(i.SystemInit)
    TIM_Base_SetConfig                       0x08003e09   Thumb Code    94  stm32l4xx_hal_tim.o(i.TIM_Base_SetConfig)
    TIM_ETR_SetConfig                        0x08003e8f   Thumb Code    20  stm32l4xx_hal_tim.o(i.TIM_ETR_SetConfig)
    TIM_OC2_SetConfig                        0x08003f2d   Thumb Code   102  stm32l4xx_hal_tim.o(i.TIM_OC2_SetConfig)
    UsageFault_Handler                       0x08004177   Thumb Code     2  stm32l4xx_it.o(i.UsageFault_Handler)
    __ARM_fpclassify                         0x08004179   Thumb Code    48  fpclassify.o(i.__ARM_fpclassify)
    __hardfp_pow                             0x080041c9   Thumb Code  3072  pow.o(i.__hardfp_pow)
    __kernel_poly                            0x08004e49   Thumb Code   248  poly.o(i.__kernel_poly)
    __mathlib_dbl_divzero                    0x08004f41   Thumb Code    28  dunder.o(i.__mathlib_dbl_divzero)
    __mathlib_dbl_infnan2                    0x08004f71   Thumb Code    20  dunder.o(i.__mathlib_dbl_infnan2)
    __mathlib_dbl_invalid                    0x08004f89   Thumb Code    24  dunder.o(i.__mathlib_dbl_invalid)
    __mathlib_dbl_overflow                   0x08004fa9   Thumb Code    24  dunder.o(i.__mathlib_dbl_overflow)
    __mathlib_dbl_underflow                  0x08004fc9   Thumb Code    24  dunder.o(i.__mathlib_dbl_underflow)
    _is_digit                                0x08004fe9   Thumb Code    14  __printf_wp.o(i._is_digit)
    bmp280GetData                            0x08005161   Thumb Code   292  bmp280.o(i.bmp280GetData)
    bmp280Init                               0x080052c5   Thumb Code    78  bmp280.o(i.bmp280Init)
    delay_ms                                 0x0800531d   Thumb Code    26  delay.o(i.delay_ms)
    delay_us                                 0x08005339   Thumb Code    48  delay.o(i.delay_us)
    enter_stop                               0x0800536d   Thumb Code    36  main.o(i.enter_stop)
    exit_stop                                0x08005399   Thumb Code   108  main.o(i.exit_stop)
    fabs                                     0x0800540d   Thumb Code    24  fabs.o(i.fabs)
    lcd_dis_48_48                            0x08005425   Thumb Code   110  lcd.o(i.lcd_dis_48_48)
    main                                     0x080054a1   Thumb Code   242  main.o(i.main)
    sleep_mode_ON                            0x08005671   Thumb Code    38  lcd.o(i.sleep_mode_ON)
    sqrt                                     0x08005697   Thumb Code   110  sqrt.o(i.sqrt)
    _get_lc_numeric                          0x08005705   Thumb Code    44  lc_numeric_c.o(locale$$code)
    __aeabi_dneg                             0x08005731   Thumb Code     0  basic.o(x$fpl$basic)
    _dneg                                    0x08005731   Thumb Code     6  basic.o(x$fpl$basic)
    __aeabi_fneg                             0x08005737   Thumb Code     0  basic.o(x$fpl$basic)
    _fneg                                    0x08005737   Thumb Code     6  basic.o(x$fpl$basic)
    _dabs                                    0x0800573d   Thumb Code     6  basic.o(x$fpl$basic)
    _fabs                                    0x08005743   Thumb Code     6  basic.o(x$fpl$basic)
    __aeabi_d2f                              0x08005749   Thumb Code     0  d2f.o(x$fpl$d2f)
    _d2f                                     0x08005749   Thumb Code    98  d2f.o(x$fpl$d2f)
    __aeabi_dadd                             0x080057ad   Thumb Code     0  daddsub_clz.o(x$fpl$dadd)
    _dadd                                    0x080057ad   Thumb Code   332  daddsub_clz.o(x$fpl$dadd)
    __fpl_dcheck_NaN1                        0x080058fd   Thumb Code    10  dcheck1.o(x$fpl$dcheck1)
    __fpl_dcmp_Inf                           0x0800590d   Thumb Code    24  dcmpi.o(x$fpl$dcmpinf)
    __aeabi_ddiv                             0x08005925   Thumb Code     0  ddiv.o(x$fpl$ddiv)
    _ddiv                                    0x08005925   Thumb Code   552  ddiv.o(x$fpl$ddiv)
    __aeabi_i2d                              0x08005bd5   Thumb Code     0  dflt_clz.o(x$fpl$dflt)
    _dflt                                    0x08005bd5   Thumb Code    46  dflt_clz.o(x$fpl$dflt)
    __aeabi_ui2d                             0x08005c03   Thumb Code     0  dflt_clz.o(x$fpl$dfltu)
    _dfltu                                   0x08005c03   Thumb Code    38  dflt_clz.o(x$fpl$dfltu)
    __aeabi_cdcmple                          0x08005c29   Thumb Code     0  dleqf.o(x$fpl$dleqf)
    _dcmple                                  0x08005c29   Thumb Code   120  dleqf.o(x$fpl$dleqf)
    __fpl_dcmple_InfNaN                      0x08005c8b   Thumb Code     0  dleqf.o(x$fpl$dleqf)
    __aeabi_dmul                             0x08005ca1   Thumb Code     0  dmul.o(x$fpl$dmul)
    _dmul                                    0x08005ca1   Thumb Code   332  dmul.o(x$fpl$dmul)
    __fpl_dnaninf                            0x08005df5   Thumb Code   156  dnaninf.o(x$fpl$dnaninf)
    __fpl_dretinf                            0x08005e91   Thumb Code    12  dretinf.o(x$fpl$dretinf)
    __aeabi_cdrcmple                         0x08005e9d   Thumb Code     0  drleqf.o(x$fpl$drleqf)
    _drcmple                                 0x08005e9d   Thumb Code   108  drleqf.o(x$fpl$drleqf)
    __aeabi_drsub                            0x08005f09   Thumb Code     0  daddsub_clz.o(x$fpl$drsb)
    _drsb                                    0x08005f09   Thumb Code    22  daddsub_clz.o(x$fpl$drsb)
    _dsqrt                                   0x08005f21   Thumb Code   404  dsqrt_umaal.o(x$fpl$dsqrt)
    __aeabi_dsub                             0x080060b9   Thumb Code     0  daddsub_clz.o(x$fpl$dsub)
    _dsub                                    0x080060b9   Thumb Code   464  daddsub_clz.o(x$fpl$dsub)
    __aeabi_f2d                              0x0800628d   Thumb Code     0  f2d.o(x$fpl$f2d)
    _f2d                                     0x0800628d   Thumb Code    86  f2d.o(x$fpl$f2d)
    __fpl_fnaninf                            0x080062e3   Thumb Code   140  fnaninf.o(x$fpl$fnaninf)
    _fp_init                                 0x0800636f   Thumb Code    10  fpinit.o(x$fpl$fpinit)
    __fplib_config_fpu_vfp                   0x08006377   Thumb Code     0  fpinit.o(x$fpl$fpinit)
    __fplib_config_pureend_doubles           0x08006377   Thumb Code     0  fpinit.o(x$fpl$fpinit)
    __fpl_fretinf                            0x08006379   Thumb Code    10  fretinf.o(x$fpl$fretinf)
    _printf_fp_dec                           0x08006383   Thumb Code     4  printf1.o(x$fpl$printf1)
    __fpl_return_NaN                         0x08006387   Thumb Code   100  retnan.o(x$fpl$retnan)
    __ARM_scalbn                             0x080063eb   Thumb Code    92  scalbn.o(x$fpl$scalbn)
    __fpl_cmpreturn                          0x08006447   Thumb Code    48  trapv.o(x$fpl$trapveneer)
    __I$use$fp                               0x08006476   Number         0  usenofp.o(x$fpl$usenofp)
    AHBPrescTable                            0x08006478   Data          16  system_stm32l4xx.o(.constdata)
    MSIRangeTable                            0x08006488   Data          48  system_stm32l4xx.o(.constdata)
    se                                       0x080064b8   Data        1584  lcd.o(.constdata)
    Ascii_8x16                               0x08006ae8   Data        1520  lcd.o(.constdata)
    __mathlib_zero                           0x08007160   Data           8  qnan.o(.constdata)
    Region$$Table$$Base                      0x080071fc   Number         0  anon$$obj.o(Region$$Table)
    Region$$Table$$Limit                     0x0800721c   Number         0  anon$$obj.o(Region$$Table)
    uwTickFreq                               0x20000000   Data           1  stm32l4xx_hal.o(.data)
    uwTickPrio                               0x20000004   Data           4  stm32l4xx_hal.o(.data)
    uwTick                                   0x20000008   Data           4  stm32l4xx_hal.o(.data)
    SystemCoreClock                          0x2000000c   Data           4  system_stm32l4xx.o(.data)
    hi2c1                                    0x20000030   Data          84  i2c.o(.bss)
    hrtc                                     0x20000084   Data          36  rtc.o(.bss)
    htim1                                    0x200000a8   Data          76  tim.o(.bss)
    bmp280Cal                                0x20000108   Data          28  bmp280.o(.bss)
    __libspace_start                         0x20000124   Data          96  libspace.o(.bss)
    __temporary_stack_top$libspace           0x20000184   Data           0  libspace.o(.bss)



==============================================================================

Memory Map of the image

  Image Entry point : 0x0800018d

  Load Region LR_IROM1 (Base: 0x08000000, Size: 0x00007268, Max: 0x00040000, ABSOLUTE)

    Execution Region ER_IROM1 (Base: 0x08000000, Size: 0x00007238, Max: 0x00040000, ABSOLUTE)

    Base Addr    Size         Type   Attr      Idx    E Section Name        Object

    0x08000000   0x0000018c   Data   RO            3    RESET               startup_stm32l431xx.o
    0x0800018c   0x00000008   Code   RO         4270  * !!!main             c_w.l(__main.o)
    0x08000194   0x00000034   Code   RO         4600    !!!scatter          c_w.l(__scatter.o)
    0x080001c8   0x0000001a   Code   RO         4602    !!handler_copy      c_w.l(__scatter_copy.o)
    0x080001e2   0x00000002   PAD
    0x080001e4   0x0000001c   Code   RO         4604    !!handler_zi        c_w.l(__scatter_zi.o)
    0x08000200   0x00000000   Code   RO         4265    .ARM.Collect$$_printf_percent$$00000000  c_w.l(_printf_percent.o)
    0x08000200   0x00000006   Code   RO         4264    .ARM.Collect$$_printf_percent$$00000003  c_w.l(_printf_f.o)
    0x08000206   0x00000004   Code   RO         4321    .ARM.Collect$$_printf_percent$$00000017  c_w.l(_printf_percent_end.o)
    0x0800020a   0x00000002   Code   RO         4461    .ARM.Collect$$libinit$$00000000  c_w.l(libinit.o)
    0x0800020c   0x00000004   Code   RO         4462    .ARM.Collect$$libinit$$00000001  c_w.l(libinit2.o)
    0x08000210   0x00000000   Code   RO         4465    .ARM.Collect$$libinit$$00000004  c_w.l(libinit2.o)
    0x08000210   0x00000000   Code   RO         4468    .ARM.Collect$$libinit$$0000000A  c_w.l(libinit2.o)
    0x08000210   0x00000000   Code   RO         4470    .ARM.Collect$$libinit$$0000000C  c_w.l(libinit2.o)
    0x08000210   0x00000000   Code   RO         4472    .ARM.Collect$$libinit$$0000000E  c_w.l(libinit2.o)
    0x08000210   0x00000006   Code   RO         4473    .ARM.Collect$$libinit$$0000000F  c_w.l(libinit2.o)
    0x08000216   0x00000000   Code   RO         4475    .ARM.Collect$$libinit$$00000011  c_w.l(libinit2.o)
    0x08000216   0x00000000   Code   RO         4477    .ARM.Collect$$libinit$$00000013  c_w.l(libinit2.o)
    0x08000216   0x00000000   Code   RO         4479    .ARM.Collect$$libinit$$00000015  c_w.l(libinit2.o)
    0x08000216   0x0000000a   Code   RO         4480    .ARM.Collect$$libinit$$00000016  c_w.l(libinit2.o)
    0x08000220   0x00000000   Code   RO         4481    .ARM.Collect$$libinit$$00000017  c_w.l(libinit2.o)
    0x08000220   0x00000000   Code   RO         4483    .ARM.Collect$$libinit$$00000019  c_w.l(libinit2.o)
    0x08000220   0x00000000   Code   RO         4485    .ARM.Collect$$libinit$$0000001B  c_w.l(libinit2.o)
    0x08000220   0x00000000   Code   RO         4487    .ARM.Collect$$libinit$$0000001D  c_w.l(libinit2.o)
    0x08000220   0x00000000   Code   RO         4489    .ARM.Collect$$libinit$$0000001F  c_w.l(libinit2.o)
    0x08000220   0x00000000   Code   RO         4491    .ARM.Collect$$libinit$$00000021  c_w.l(libinit2.o)
    0x08000220   0x00000000   Code   RO         4493    .ARM.Collect$$libinit$$00000023  c_w.l(libinit2.o)
    0x08000220   0x00000000   Code   RO         4495    .ARM.Collect$$libinit$$00000025  c_w.l(libinit2.o)
    0x08000220   0x00000000   Code   RO         4499    .ARM.Collect$$libinit$$0000002C  c_w.l(libinit2.o)
    0x08000220   0x00000000   Code   RO         4501    .ARM.Collect$$libinit$$0000002E  c_w.l(libinit2.o)
    0x08000220   0x00000000   Code   RO         4503    .ARM.Collect$$libinit$$00000030  c_w.l(libinit2.o)
    0x08000220   0x00000000   Code   RO         4505    .ARM.Collect$$libinit$$00000032  c_w.l(libinit2.o)
    0x08000220   0x00000002   Code   RO         4506    .ARM.Collect$$libinit$$00000033  c_w.l(libinit2.o)
    0x08000222   0x00000002   Code   RO         4556    .ARM.Collect$$libshutdown$$00000000  c_w.l(libshutdown.o)
    0x08000224   0x00000000   Code   RO         4567    .ARM.Collect$$libshutdown$$00000002  c_w.l(libshutdown2.o)
    0x08000224   0x00000000   Code   RO         4569    .ARM.Collect$$libshutdown$$00000004  c_w.l(libshutdown2.o)
    0x08000224   0x00000000   Code   RO         4571    .ARM.Collect$$libshutdown$$00000006  c_w.l(libshutdown2.o)
    0x08000224   0x00000000   Code   RO         4574    .ARM.Collect$$libshutdown$$00000009  c_w.l(libshutdown2.o)
    0x08000224   0x00000000   Code   RO         4577    .ARM.Collect$$libshutdown$$0000000C  c_w.l(libshutdown2.o)
    0x08000224   0x00000000   Code   RO         4579    .ARM.Collect$$libshutdown$$0000000E  c_w.l(libshutdown2.o)
    0x08000224   0x00000000   Code   RO         4582    .ARM.Collect$$libshutdown$$00000011  c_w.l(libshutdown2.o)
    0x08000224   0x00000002   Code   RO         4583    .ARM.Collect$$libshutdown$$00000012  c_w.l(libshutdown2.o)
    0x08000226   0x00000000   Code   RO         4310    .ARM.Collect$$rtentry$$00000000  c_w.l(__rtentry.o)
    0x08000226   0x00000000   Code   RO         4375    .ARM.Collect$$rtentry$$00000002  c_w.l(__rtentry2.o)
    0x08000226   0x00000006   Code   RO         4387    .ARM.Collect$$rtentry$$00000004  c_w.l(__rtentry4.o)
    0x0800022c   0x00000000   Code   RO         4377    .ARM.Collect$$rtentry$$00000009  c_w.l(__rtentry2.o)
    0x0800022c   0x00000004   Code   RO         4378    .ARM.Collect$$rtentry$$0000000A  c_w.l(__rtentry2.o)
    0x08000230   0x00000000   Code   RO         4380    .ARM.Collect$$rtentry$$0000000C  c_w.l(__rtentry2.o)
    0x08000230   0x00000008   Code   RO         4381    .ARM.Collect$$rtentry$$0000000D  c_w.l(__rtentry2.o)
    0x08000238   0x00000002   Code   RO         4511    .ARM.Collect$$rtexit$$00000000  c_w.l(rtexit.o)
    0x0800023a   0x00000000   Code   RO         4524    .ARM.Collect$$rtexit$$00000002  c_w.l(rtexit2.o)
    0x0800023a   0x00000004   Code   RO         4525    .ARM.Collect$$rtexit$$00000003  c_w.l(rtexit2.o)
    0x0800023e   0x00000006   Code   RO         4526    .ARM.Collect$$rtexit$$00000004  c_w.l(rtexit2.o)
    0x08000244   0x00000040   Code   RO            4    .text               startup_stm32l431xx.o
    0x08000284   0x00000048   Code   RO         4236    .text               c_w.l(llsdiv.o)
    0x080002cc   0x00000028   Code   RO         4240    .text               c_w.l(noretval__2sprintf.o)
    0x080002f4   0x0000010e   Code   RO         4252    .text               c_w.l(__printf_wp.o)
    0x08000402   0x0000004e   Code   RO         4266    .text               c_w.l(rt_memclr_w.o)
    0x08000450   0x00000006   Code   RO         4268    .text               c_w.l(heapauxi.o)
    0x08000456   0x000000ee   Code   RO         4311    .text               c_w.l(lludivv7m.o)
    0x08000544   0x00000016   Code   RO         4313    .text               c_w.l(_rserrno.o)
    0x0800055a   0x00000424   Code   RO         4315    .text               c_w.l(_printf_fp_dec.o)
    0x0800097e   0x00000002   PAD
    0x08000980   0x00000030   Code   RO         4317    .text               c_w.l(_printf_char_common.o)
    0x080009b0   0x0000000a   Code   RO         4319    .text               c_w.l(_sputc.o)
    0x080009ba   0x00000002   PAD
    0x080009bc   0x00000008   Code   RO         4396    .text               c_w.l(rt_locale_intlibspace.o)
    0x080009c4   0x00000008   Code   RO         4401    .text               c_w.l(rt_errno_addr_intlibspace.o)
    0x080009cc   0x0000008a   Code   RO         4403    .text               c_w.l(lludiv10.o)
    0x08000a56   0x00000002   PAD
    0x08000a58   0x00000080   Code   RO         4405    .text               c_w.l(_printf_fp_infnan.o)
    0x08000ad8   0x000000e4   Code   RO         4409    .text               c_w.l(bigflt0.o)
    0x08000bbc   0x00000008   Code   RO         4445    .text               c_w.l(libspace.o)
    0x08000bc4   0x0000004a   Code   RO         4448    .text               c_w.l(sys_stackheap_outer.o)
    0x08000c0e   0x00000012   Code   RO         4452    .text               c_w.l(exit.o)
    0x08000c20   0x00000080   Code   RO         4454    .text               c_w.l(strcmpv7m.o)
    0x08000ca0   0x0000000c   Code   RO         4542    .text               c_w.l(sys_exit.o)
    0x08000cac   0x00000002   Code   RO         4559    .text               c_w.l(use_no_semi.o)
    0x08000cae   0x00000000   Code   RO         4561    .text               c_w.l(indicate_semi.o)
    0x08000cae   0x0000003e   Code   RO         4412    CL$$btod_d2e        c_w.l(btod.o)
    0x08000cec   0x00000046   Code   RO         4414    CL$$btod_d2e_denorm_low  c_w.l(btod.o)
    0x08000d32   0x00000060   Code   RO         4413    CL$$btod_d2e_norm_op1  c_w.l(btod.o)
    0x08000d92   0x00000338   Code   RO         4422    CL$$btod_div_common  c_w.l(btod.o)
    0x080010ca   0x000000dc   Code   RO         4419    CL$$btod_e2e        c_w.l(btod.o)
    0x080011a6   0x0000002a   Code   RO         4416    CL$$btod_ediv       c_w.l(btod.o)
    0x080011d0   0x0000002a   Code   RO         4415    CL$$btod_emul       c_w.l(btod.o)
    0x080011fa   0x00000244   Code   RO         4421    CL$$btod_mult_common  c_w.l(btod.o)
    0x0800143e   0x00000002   PAD
    0x08001440   0x00000020   Code   RO         3889    i.AHT10_Init        aht10.o
    0x08001460   0x000000d0   Code   RO         3890    i.AHT10_Read_predata  aht10.o
    0x08001530   0x00000028   Code   RO         3891    i.AHT10_SoftReset   aht10.o
    0x08001558   0x00000034   Code   RO         3892    i.AHT10_TrigeMea    aht10.o
    0x0800158c   0x00000048   Code   RO         3934    i.BMP_IIC_Ack       bmp280.o
    0x080015d4   0x00000020   Code   RO         3935    i.BMP_IIC_Init      bmp280.o
    0x080015f4   0x00000048   Code   RO         3936    i.BMP_IIC_NAck      bmp280.o
    0x0800163c   0x0000006c   Code   RO         3937    i.BMP_IIC_Read_Byte  bmp280.o
    0x080016a8   0x00000064   Code   RO         3938    i.BMP_IIC_Send_Byte  bmp280.o
    0x0800170c   0x00000048   Code   RO         3939    i.BMP_IIC_Start     bmp280.o
    0x08001754   0x0000004c   Code   RO         3940    i.BMP_IIC_Stop      bmp280.o
    0x080017a0   0x00000064   Code   RO         3941    i.BMP_IIC_Wait_Ack  bmp280.o
    0x08001804   0x00000058   Code   RO         3942    i.BMP_iicDevRead    bmp280.o
    0x0800185c   0x0000003e   Code   RO         3943    i.BMP_iicDevReadByte  bmp280.o
    0x0800189a   0x00000032   Code   RO         3945    i.BMP_iicDevWriteByte  bmp280.o
    0x080018cc   0x00000002   Code   RO          380    i.BusFault_Handler  stm32l4xx_it.o
    0x080018ce   0x00000002   Code   RO          381    i.DebugMon_Handler  stm32l4xx_it.o
    0x080018d0   0x00000008   Code   RO          382    i.EXTI15_10_IRQHandler  stm32l4xx_it.o
    0x080018d8   0x00000004   Code   RO           13    i.Error_Handler     main.o
    0x080018dc   0x00000024   Code   RO         1025    i.HAL_Delay         stm32l4xx_hal.o
    0x08001900   0x00000002   Code   RO         1746    i.HAL_GPIO_EXTI_Callback  stm32l4xx_hal_gpio.o
    0x08001902   0x00000002   PAD
    0x08001904   0x00000018   Code   RO         1747    i.HAL_GPIO_EXTI_IRQHandler  stm32l4xx_hal_gpio.o
    0x0800191c   0x000001d6   Code   RO         1748    i.HAL_GPIO_Init     stm32l4xx_hal_gpio.o
    0x08001af2   0x0000000a   Code   RO         1750    i.HAL_GPIO_ReadPin  stm32l4xx_hal_gpio.o
    0x08001afc   0x0000000a   Code   RO         1752    i.HAL_GPIO_WritePin  stm32l4xx_hal_gpio.o
    0x08001b06   0x00000002   PAD
    0x08001b08   0x0000000c   Code   RO         1029    i.HAL_GetTick       stm32l4xx_hal.o
    0x08001b14   0x00000056   Code   RO          964    i.HAL_I2CEx_ConfigAnalogFilter  stm32l4xx_hal_i2c_ex.o
    0x08001b6a   0x00000052   Code   RO          965    i.HAL_I2CEx_ConfigDigitalFilter  stm32l4xx_hal_i2c_ex.o
    0x08001bbc   0x000000b8   Code   RO          503    i.HAL_I2C_Init      stm32l4xx_hal_i2c.o
    0x08001c74   0x0000012a   Code   RO          509    i.HAL_I2C_Master_Receive  stm32l4xx_hal_i2c.o
    0x08001d9e   0x00000002   PAD
    0x08001da0   0x0000012a   Code   RO          516    i.HAL_I2C_Master_Transmit  stm32l4xx_hal_i2c.o
    0x08001eca   0x00000002   PAD
    0x08001ecc   0x00000080   Code   RO          249    i.HAL_I2C_MspInit   i2c.o
    0x08001f4c   0x00000010   Code   RO         1035    i.HAL_IncTick       stm32l4xx_hal.o
    0x08001f5c   0x0000001e   Code   RO         1036    i.HAL_Init          stm32l4xx_hal.o
    0x08001f7a   0x00000002   PAD
    0x08001f7c   0x00000044   Code   RO         1037    i.HAL_InitTick      stm32l4xx_hal.o
    0x08001fc0   0x0000002c   Code   RO          468    i.HAL_MspInit       stm32l4xx_hal_msp.o
    0x08001fec   0x0000001a   Code   RO         2235    i.HAL_NVIC_EnableIRQ  stm32l4xx_hal_cortex.o
    0x08002006   0x00000002   PAD
    0x08002008   0x00000040   Code   RO         2241    i.HAL_NVIC_SetPriority  stm32l4xx_hal_cortex.o
    0x08002048   0x00000024   Code   RO         2242    i.HAL_NVIC_SetPriorityGrouping  stm32l4xx_hal_cortex.o
    0x0800206c   0x00000068   Code   RO         2039    i.HAL_PWREx_ControlVoltageScaling  stm32l4xx_hal_pwr_ex.o
    0x080020d4   0x00000034   Code   RO         2059    i.HAL_PWREx_EnterSTOP0Mode  stm32l4xx_hal_pwr_ex.o
    0x08002108   0x00000038   Code   RO         2060    i.HAL_PWREx_EnterSTOP1Mode  stm32l4xx_hal_pwr_ex.o
    0x08002140   0x00000010   Code   RO         2062    i.HAL_PWREx_GetVoltageRange  stm32l4xx_hal_pwr_ex.o
    0x08002150   0x00000010   Code   RO         1938    i.HAL_PWR_EnterSTOPMode  stm32l4xx_hal_pwr.o
    0x08002160   0x000002ba   Code   RO         1381    i.HAL_RCCEx_PeriphCLKConfig  stm32l4xx_hal_rcc_ex.o
    0x0800241a   0x00000002   PAD
    0x0800241c   0x00000144   Code   RO         1253    i.HAL_RCC_ClockConfig  stm32l4xx_hal_rcc.o
    0x08002560   0x000000a4   Code   RO         1262    i.HAL_RCC_GetSysClockFreq  stm32l4xx_hal_rcc.o
    0x08002604   0x00000560   Code   RO         1265    i.HAL_RCC_OscConfig  stm32l4xx_hal_rcc.o
    0x08002b64   0x000000e2   Code   RO         2639    i.HAL_RTCEx_SetWakeUpTimer_IT  stm32l4xx_hal_rtc_ex.o
    0x08002c46   0x00000002   Code   RO           14    i.HAL_RTCEx_WakeUpTimerEventCallback  main.o
    0x08002c48   0x00000034   Code   RO         2646    i.HAL_RTCEx_WakeUpTimerIRQHandler  stm32l4xx_hal_rtc_ex.o
    0x08002c7c   0x0000009c   Code   RO         2450    i.HAL_RTC_Init      stm32l4xx_hal_rtc.o
    0x08002d18   0x00000054   Code   RO          291    i.HAL_RTC_MspInit   rtc.o
    0x08002d6c   0x00000036   Code   RO         2458    i.HAL_RTC_WaitForSynchro  stm32l4xx_hal_rtc.o
    0x08002da2   0x00000028   Code   RO         2246    i.HAL_SYSTICK_Config  stm32l4xx_hal_cortex.o
    0x08002dca   0x00000002   PAD
    0x08002dcc   0x00000084   Code   RO         3570    i.HAL_TIMEx_ConfigBreakDeadTime  stm32l4xx_hal_tim_ex.o
    0x08002e50   0x0000006c   Code   RO         3588    i.HAL_TIMEx_MasterConfigSynchronization  stm32l4xx_hal_tim_ex.o
    0x08002ebc   0x00000098   Code   RO         3599    i.HAL_TIMEx_PWMN_Start  stm32l4xx_hal_tim_ex.o
    0x08002f54   0x00000062   Code   RO         2852    i.HAL_TIM_Base_Init  stm32l4xx_hal_tim.o
    0x08002fb6   0x00000002   PAD
    0x08002fb8   0x00000028   Code   RO          333    i.HAL_TIM_Base_MspInit  tim.o
    0x08002fe0   0x000000e0   Code   RO         2861    i.HAL_TIM_ConfigClockSource  stm32l4xx_hal_tim.o
    0x080030c0   0x00000050   Code   RO          334    i.HAL_TIM_MspPostInit  tim.o
    0x08003110   0x00000124   Code   RO         2924    i.HAL_TIM_PWM_ConfigChannel  stm32l4xx_hal_tim.o
    0x08003234   0x00000062   Code   RO         2927    i.HAL_TIM_PWM_Init  stm32l4xx_hal_tim.o
    0x08003296   0x00000002   Code   RO         2929    i.HAL_TIM_PWM_MspInit  stm32l4xx_hal_tim.o
    0x08003298   0x00000002   Code   RO          383    i.HardFault_Handler  stm32l4xx_it.o
    0x0800329a   0x00000022   Code   RO          550    i.I2C_Flush_TXDR    stm32l4xx_hal_i2c.o
    0x080032bc   0x00000120   Code   RO          558    i.I2C_IsErrorOccurred  stm32l4xx_hal_i2c.o
    0x080033dc   0x00000030   Code   RO          567    i.I2C_TransferConfig  stm32l4xx_hal_i2c.o
    0x0800340c   0x00000058   Code   RO          569    i.I2C_WaitOnFlagUntilTimeout  stm32l4xx_hal_i2c.o
    0x08003464   0x0000009c   Code   RO          570    i.I2C_WaitOnRXNEFlagUntilTimeout  stm32l4xx_hal_i2c.o
    0x08003500   0x0000004c   Code   RO          571    i.I2C_WaitOnSTOPFlagUntilTimeout  stm32l4xx_hal_i2c.o
    0x0800354c   0x00000050   Code   RO          572    i.I2C_WaitOnTXISFlagUntilTimeout  stm32l4xx_hal_i2c.o
    0x0800359c   0x00000028   Code   RO         4107    i.LcdAddress        lcd.o
    0x080035c4   0x00000028   Code   RO         4108    i.LcdClearScreen    lcd.o
    0x080035ec   0x0000006c   Code   RO         4110    i.LcdDispBK         lcd.o
    0x08003658   0x00000096   Code   RO         4112    i.LcdDispStr8x16    lcd.o
    0x080036ee   0x000000b6   Code   RO         4113    i.LcdInit           lcd.o
    0x080037a4   0x00000078   Code   RO         4114    i.LcdWrite          lcd.o
    0x0800381c   0x0000014c   Code   RO          224    i.MX_GPIO_Init      gpio.o
    0x08003968   0x00000058   Code   RO          250    i.MX_I2C1_Init      i2c.o
    0x080039c0   0x00000048   Code   RO          292    i.MX_RTC_Init       rtc.o
    0x08003a08   0x000000d8   Code   RO          335    i.MX_TIM1_Init      tim.o
    0x08003ae0   0x00000002   Code   RO          384    i.MemManage_Handler  stm32l4xx_it.o
    0x08003ae2   0x00000002   Code   RO          385    i.NMI_Handler       stm32l4xx_it.o
    0x08003ae4   0x00000002   Code   RO          386    i.PendSV_Handler    stm32l4xx_it.o
    0x08003ae6   0x00000002   PAD
    0x08003ae8   0x0000012c   Code   RO         1385    i.RCCEx_PLLSAI1_Config  stm32l4xx_hal_rcc_ex.o
    0x08003c14   0x0000007c   Code   RO         1266    i.RCC_SetFlashLatencyFromMSIRange  stm32l4xx_hal_rcc.o
    0x08003c90   0x00000046   Code   RO         2461    i.RTC_EnterInitMode  stm32l4xx_hal_rtc.o
    0x08003cd6   0x00000002   PAD
    0x08003cd8   0x00000058   Code   RO         2462    i.RTC_ExitInitMode  stm32l4xx_hal_rtc.o
    0x08003d30   0x0000000c   Code   RO          387    i.RTC_WKUP_IRQHandler  stm32l4xx_it.o
    0x08003d3c   0x00000028   Code   RO         3946    i.SDA_IN            bmp280.o
    0x08003d64   0x0000002c   Code   RO         3947    i.SDA_OUT           bmp280.o
    0x08003d90   0x00000002   Code   RO          388    i.SVC_Handler       stm32l4xx_it.o
    0x08003d92   0x00000004   Code   RO          389    i.SysTick_Handler   stm32l4xx_it.o
    0x08003d96   0x00000062   Code   RO           16    i.SystemClock_Config  main.o
    0x08003df8   0x00000010   Code   RO         3852    i.SystemInit        system_stm32l4xx.o
    0x08003e08   0x0000006c   Code   RO         2945    i.TIM_Base_SetConfig  stm32l4xx_hal_tim.o
    0x08003e74   0x0000001a   Code   RO         3608    i.TIM_CCxNChannelCmd  stm32l4xx_hal_tim_ex.o
    0x08003e8e   0x00000014   Code   RO         2956    i.TIM_ETR_SetConfig  stm32l4xx_hal_tim.o
    0x08003ea2   0x00000010   Code   RO         2957    i.TIM_ITRx_SetConfig  stm32l4xx_hal_tim.o
    0x08003eb2   0x00000002   PAD
    0x08003eb4   0x00000078   Code   RO         2958    i.TIM_OC1_SetConfig  stm32l4xx_hal_tim.o
    0x08003f2c   0x00000078   Code   RO         2959    i.TIM_OC2_SetConfig  stm32l4xx_hal_tim.o
    0x08003fa4   0x00000074   Code   RO         2960    i.TIM_OC3_SetConfig  stm32l4xx_hal_tim.o
    0x08004018   0x00000060   Code   RO         2961    i.TIM_OC4_SetConfig  stm32l4xx_hal_tim.o
    0x08004078   0x0000005c   Code   RO         2962    i.TIM_OC5_SetConfig  stm32l4xx_hal_tim.o
    0x080040d4   0x0000005c   Code   RO         2963    i.TIM_OC6_SetConfig  stm32l4xx_hal_tim.o
    0x08004130   0x00000022   Code   RO         2965    i.TIM_TI1_ConfigInputStage  stm32l4xx_hal_tim.o
    0x08004152   0x00000024   Code   RO         2967    i.TIM_TI2_ConfigInputStage  stm32l4xx_hal_tim.o
    0x08004176   0x00000002   Code   RO          390    i.UsageFault_Handler  stm32l4xx_it.o
    0x08004178   0x00000030   Code   RO         4357    i.__ARM_fpclassify  m_wm.l(fpclassify.o)
    0x080041a8   0x00000020   Code   RO         2248    i.__NVIC_SetPriority  stm32l4xx_hal_cortex.o
    0x080041c8   0x00000c80   Code   RO         4296    i.__hardfp_pow      m_wm.l(pow.o)
    0x08004e48   0x000000f8   Code   RO         4359    i.__kernel_poly     m_wm.l(poly.o)
    0x08004f40   0x00000030   Code   RO         4337    i.__mathlib_dbl_divzero  m_wm.l(dunder.o)
    0x08004f70   0x00000014   Code   RO         4339    i.__mathlib_dbl_infnan2  m_wm.l(dunder.o)
    0x08004f84   0x00000004   PAD
    0x08004f88   0x00000020   Code   RO         4340    i.__mathlib_dbl_invalid  m_wm.l(dunder.o)
    0x08004fa8   0x00000020   Code   RO         4341    i.__mathlib_dbl_overflow  m_wm.l(dunder.o)
    0x08004fc8   0x00000020   Code   RO         4343    i.__mathlib_dbl_underflow  m_wm.l(dunder.o)
    0x08004fe8   0x0000000e   Code   RO         4254    i._is_digit         c_w.l(__printf_wp.o)
    0x08004ff6   0x00000002   PAD
    0x08004ff8   0x00000166   Code   RO         3948    i.bmp280CompensateP  bmp280.o
    0x0800515e   0x00000002   PAD
    0x08005160   0x00000164   Code   RO         3949    i.bmp280GetData     bmp280.o
    0x080052c4   0x00000058   Code   RO         3950    i.bmp280Init        bmp280.o
    0x0800531c   0x0000001a   Code   RO         4070    i.delay_ms          delay.o
    0x08005336   0x00000002   PAD
    0x08005338   0x00000034   Code   RO         4071    i.delay_us          delay.o
    0x0800536c   0x0000002c   Code   RO           18    i.enter_stop        main.o
    0x08005398   0x00000074   Code   RO           19    i.exit_stop         main.o
    0x0800540c   0x00000018   Code   RO         4353    i.fabs              m_wm.l(fabs.o)
    0x08005424   0x0000007a   Code   RO         4115    i.lcd_dis_48_48     lcd.o
    0x0800549e   0x00000002   PAD
    0x080054a0   0x00000104   Code   RO           20    i.main              main.o
    0x080055a4   0x000000cc   Code   RO         3951    i.presssureFilter   bmp280.o
    0x08005670   0x00000026   Code   RO         4117    i.sleep_mode_ON     lcd.o
    0x08005696   0x0000006e   Code   RO         4364    i.sqrt              m_wm.l(sqrt.o)
    0x08005704   0x0000002c   Code   RO         4435    locale$$code        c_w.l(lc_numeric_c.o)
    0x08005730   0x00000018   Code   RO         4322    x$fpl$basic         fz_wm.l(basic.o)
    0x08005748   0x00000062   Code   RO         4272    x$fpl$d2f           fz_wm.l(d2f.o)
    0x080057aa   0x00000002   PAD
    0x080057ac   0x00000150   Code   RO         4274    x$fpl$dadd          fz_wm.l(daddsub_clz.o)
    0x080058fc   0x00000010   Code   RO         4437    x$fpl$dcheck1       fz_wm.l(dcheck1.o)
    0x0800590c   0x00000018   Code   RO         4507    x$fpl$dcmpinf       fz_wm.l(dcmpi.o)
    0x08005924   0x000002b0   Code   RO         4281    x$fpl$ddiv          fz_wm.l(ddiv.o)
    0x08005bd4   0x0000002e   Code   RO         4285    x$fpl$dflt          fz_wm.l(dflt_clz.o)
    0x08005c02   0x00000026   Code   RO         4284    x$fpl$dfltu         fz_wm.l(dflt_clz.o)
    0x08005c28   0x00000078   Code   RO         4439    x$fpl$dleqf         fz_wm.l(dleqf.o)
    0x08005ca0   0x00000154   Code   RO         4290    x$fpl$dmul          fz_wm.l(dmul.o)
    0x08005df4   0x0000009c   Code   RO         4324    x$fpl$dnaninf       fz_wm.l(dnaninf.o)
    0x08005e90   0x0000000c   Code   RO         4326    x$fpl$dretinf       fz_wm.l(dretinf.o)
    0x08005e9c   0x0000006c   Code   RO         4328    x$fpl$drleqf        fz_wm.l(drleqf.o)
    0x08005f08   0x00000016   Code   RO         4275    x$fpl$drsb          fz_wm.l(daddsub_clz.o)
    0x08005f1e   0x00000002   PAD
    0x08005f20   0x00000198   Code   RO         4441    x$fpl$dsqrt         fz_wm.l(dsqrt_umaal.o)
    0x080060b8   0x000001d4   Code   RO         4276    x$fpl$dsub          fz_wm.l(daddsub_clz.o)
    0x0800628c   0x00000056   Code   RO         4292    x$fpl$f2d           fz_wm.l(f2d.o)
    0x080062e2   0x0000008c   Code   RO         4330    x$fpl$fnaninf       fz_wm.l(fnaninf.o)
    0x0800636e   0x0000000a   Code   RO         4519    x$fpl$fpinit        fz_wm.l(fpinit.o)
    0x08006378   0x0000000a   Code   RO         4332    x$fpl$fretinf       fz_wm.l(fretinf.o)
    0x08006382   0x00000004   Code   RO         4294    x$fpl$printf1       fz_wm.l(printf1.o)
    0x08006386   0x00000064   Code   RO         4509    x$fpl$retnan        fz_wm.l(retnan.o)
    0x080063ea   0x0000005c   Code   RO         4334    x$fpl$scalbn        fz_wm.l(scalbn.o)
    0x08006446   0x00000030   Code   RO         4521    x$fpl$trapveneer    fz_wm.l(trapv.o)
    0x08006476   0x00000000   Code   RO         4336    x$fpl$usenofp       fz_wm.l(usenofp.o)
    0x08006476   0x00000002   PAD
    0x08006478   0x00000040   Data   RO         3853    .constdata          system_stm32l4xx.o
    0x080064b8   0x00000c20   Data   RO         4118    .constdata          lcd.o
    0x080070d8   0x00000088   Data   RO         4299    .constdata          m_wm.l(pow.o)
    0x08007160   0x00000008   Data   RO         4361    .constdata          m_wm.l(qnan.o)
    0x08007168   0x00000094   Data   RO         4410    .constdata          c_w.l(bigflt0.o)
    0x080071fc   0x00000020   Data   RO         4598    Region$$Table       anon$$obj.o
    0x0800721c   0x0000001c   Data   RO         4434    locale$$data        c_w.l(lc_numeric_c.o)


    Execution Region RW_IRAM2 (Base: 0x10000000, Size: 0x00000000, Max: 0x00004000, ABSOLUTE)

    **** No section assigned to this execution region ****


    Execution Region RW_IRAM1 (Base: 0x20000000, Size: 0x00000788, Max: 0x0000c000, ABSOLUTE)

    Base Addr    Size         Type   Attr      Idx    E Section Name        Object

    0x20000000   0x0000000c   Data   RW         1053    .data               stm32l4xx_hal.o
    0x2000000c   0x00000004   Data   RW         3855    .data               system_stm32l4xx.o
    0x20000010   0x00000008   Data   RW         3893    .data               aht10.o
    0x20000018   0x00000014   Data   RW         3953    .data               bmp280.o
    0x2000002c   0x00000004   Data   RW         4072    .data               delay.o
    0x20000030   0x00000054   Zero   RW          251    .bss                i2c.o
    0x20000084   0x00000024   Zero   RW          293    .bss                rtc.o
    0x200000a8   0x0000004c   Zero   RW          336    .bss                tim.o
    0x200000f4   0x00000030   Zero   RW         3952    .bss                bmp280.o
    0x20000124   0x00000060   Zero   RW         4446    .bss                c_w.l(libspace.o)
    0x20000184   0x00000004   PAD
    0x20000188   0x00000200   Zero   RW            2    HEAP                startup_stm32l431xx.o
    0x20000388   0x00000400   Zero   RW            1    STACK               startup_stm32l431xx.o


==============================================================================

Image component sizes


      Code (inc. data)   RO Data    RW Data    ZI Data      Debug   Object Name

       332         52          0          8          0       2659   aht10.o
      1922        154          0         20         48      14250   bmp280.o
        78          4          0          4          0       1398   delay.o
       332         22          0          0          0       1103   gpio.o
       216         24          0          0         84       1781   i2c.o
       800         16       3104          0          0       5872   lcd.o
       524         34          0          0          0     701420   main.o
       156         18          0          0         36       1655   rtc.o
        64         26        396          0       1536        852   startup_stm32l431xx.o
       162         24          0         12          0      12709   stm32l4xx_hal.o
       198         14          0          0          0      33887   stm32l4xx_hal_cortex.o
       516         36          0          0          0       4151   stm32l4xx_hal_gpio.o
      1550         40          0          0          0      11522   stm32l4xx_hal_i2c.o
       168          0          0          0          0       1935   stm32l4xx_hal_i2c_ex.o
        44          6          0          0          0        870   stm32l4xx_hal_msp.o
        16          0          0          0          0        644   stm32l4xx_hal_pwr.o
       228         38          0          0          0       2648   stm32l4xx_hal_pwr_ex.o
      1988         74          0          0          0       5838   stm32l4xx_hal_rcc.o
       998         32          0          0          0       2956   stm32l4xx_hal_rcc_ex.o
       368         12          0          0          0       3607   stm32l4xx_hal_rtc.o
       278         10          0          0          0       2144   stm32l4xx_hal_rtc_ex.o
      1564        118          0          0          0      13124   stm32l4xx_hal_tim.o
       418         28          0          0          0       3819   stm32l4xx_hal_tim_ex.o
        40          6          0          0          0       5215   stm32l4xx_it.o
        16          4         64          4          0       1209   system_stm32l4xx.o
       336         32          0          0         76       2496   tim.o

    ----------------------------------------------------------------------
     13342        824       3596         48       1780     839764   Object Totals
         0          0         32          0          0          0   (incl. Generated)
        30          0          0          0          0          0   (incl. Padding)

    ----------------------------------------------------------------------

      Code (inc. data)   RO Data    RW Data    ZI Data      Debug   Library Member Name

         8          0          0          0          0         68   __main.o
       284          0          0          0          0        156   __printf_wp.o
         0          0          0          0          0          0   __rtentry.o
        12          0          0          0          0          0   __rtentry2.o
         6          0          0          0          0          0   __rtentry4.o
        52          8          0          0          0          0   __scatter.o
        26          0          0          0          0          0   __scatter_copy.o
        28          0          0          0          0          0   __scatter_zi.o
        48          6          0          0          0         96   _printf_char_common.o
         6          0          0          0          0          0   _printf_f.o
      1060          0          0          0          0        216   _printf_fp_dec.o
       128         16          0          0          0         84   _printf_fp_infnan.o
         0          0          0          0          0          0   _printf_percent.o
         4          0          0          0          0          0   _printf_percent_end.o
        22          0          0          0          0        100   _rserrno.o
        10          0          0          0          0         68   _sputc.o
       228          4        148          0          0         96   bigflt0.o
      1936        128          0          0          0        672   btod.o
        18          0          0          0          0         80   exit.o
         6          0          0          0          0        152   heapauxi.o
         0          0          0          0          0          0   indicate_semi.o
        44         10         28          0          0         76   lc_numeric_c.o
         2          0          0          0          0          0   libinit.o
        22          0          0          0          0          0   libinit2.o
         2          0          0          0          0          0   libshutdown.o
         2          0          0          0          0          0   libshutdown2.o
         8          4          0          0         96         68   libspace.o
        72          0          0          0          0         76   llsdiv.o
       138          0          0          0          0         80   lludiv10.o
       238          0          0          0          0        100   lludivv7m.o
        40          6          0          0          0         84   noretval__2sprintf.o
         8          4          0          0          0         68   rt_errno_addr_intlibspace.o
         8          4          0          0          0         68   rt_locale_intlibspace.o
        78          0          0          0          0         80   rt_memclr_w.o
         2          0          0          0          0          0   rtexit.o
        10          0          0          0          0          0   rtexit2.o
       128          0          0          0          0         68   strcmpv7m.o
        12          4          0          0          0         68   sys_exit.o
        74          0          0          0          0         80   sys_stackheap_outer.o
         2          0          0          0          0         68   use_no_semi.o
        24          0          0          0          0        164   basic.o
        98          4          0          0          0        140   d2f.o
       826         16          0          0          0        492   daddsub_clz.o
        16          4          0          0          0        116   dcheck1.o
        24          0          0          0          0        116   dcmpi.o
       688        140          0          0          0        256   ddiv.o
        84          0          0          0          0        232   dflt_clz.o
       120          4          0          0          0        140   dleqf.o
       340         12          0          0          0        152   dmul.o
       156          4          0          0          0        140   dnaninf.o
        12          0          0          0          0        116   dretinf.o
       108          0          0          0          0        128   drleqf.o
       408         56          0          0          0        168   dsqrt_umaal.o
        86          4          0          0          0        132   f2d.o
       140          4          0          0          0        132   fnaninf.o
        10          0          0          0          0        116   fpinit.o
        10          0          0          0          0        116   fretinf.o
         4          0          0          0          0        116   printf1.o
       100          0          0          0          0        116   retnan.o
        92          0          0          0          0        116   scalbn.o
        48          0          0          0          0        116   trapv.o
         0          0          0          0          0          0   usenofp.o
       164         44          0          0          0        620   dunder.o
        24          0          0          0          0        124   fabs.o
        48          0          0          0          0        124   fpclassify.o
       248          0          0          0          0        152   poly.o
      3200        296        136          0          0        352   pow.o
         0          0          8          0          0          0   qnan.o
       110          0          0          0          0        148   sqrt.o

    ----------------------------------------------------------------------
     11982        782        320          0        100       7612   Library Totals
        22          0          0          0          4          0   (incl. Padding)

    ----------------------------------------------------------------------

      Code (inc. data)   RO Data    RW Data    ZI Data      Debug   Library Name

      4772        194        176          0         96       2772   c_w.l
      3394        248          0          0          0       3320   fz_wm.l
      3794        340        144          0          0       1520   m_wm.l

    ----------------------------------------------------------------------
     11982        782        320          0        100       7612   Library Totals

    ----------------------------------------------------------------------

==============================================================================


      Code (inc. data)   RO Data    RW Data    ZI Data      Debug   

     25324       1606       3916         48       1880     831168   Grand Totals
     25324       1606       3916         48       1880     831168   ELF Image Totals
     25324       1606       3916         48          0          0   ROM Totals

==============================================================================

    Total RO  Size (Code + RO Data)                29240 (  28.55kB)
    Total RW  Size (RW Data + ZI Data)              1928 (   1.88kB)
    Total ROM Size (Code + RO Data + RW Data)      29288 (  28.60kB)

==============================================================================

